Archive member included to satisfy reference by file (symbol)

/home/girish/RIOT_trial/ProcessA/bin/arduino-mega2560/application_master/_sketches.o
                              /usr/lib/gcc/avr/5.4.0/../../../avr/lib/avr6/crtatmega2560.o (main)
/home/girish/RIOT_trial/ProcessA/bin/arduino-mega2560/application_master/main.o
                              /home/girish/RIOT_trial/ProcessA/bin/arduino-mega2560/application_master/_sketches.o (_Z5setupv)
/home/girish/RIOT_trial/ProcessA/bin/arduino-mega2560/arduino/base.o
                              /home/girish/RIOT_trial/ProcessA/bin/arduino-mega2560/application_master/main.o (_Z7pinModeii)
/home/girish/RIOT_trial/ProcessA/bin/arduino-mega2560/arduino/serialport.o
                              /home/girish/RIOT_trial/ProcessA/bin/arduino-mega2560/application_master/_sketches.o (_ZN10SerialPortC1Ej)
/home/girish/RIOT_trial/ProcessA/bin/arduino-mega2560/atmega_common/irq_arch.o
                              /home/girish/RIOT_trial/ProcessA/bin/arduino-mega2560/arduino/base.o (irq_disable)
/home/girish/RIOT_trial/ProcessA/bin/arduino-mega2560/atmega_common_periph/uart.o
                              /home/girish/RIOT_trial/ProcessA/bin/arduino-mega2560/arduino/serialport.o (uart_init)
/home/girish/RIOT_trial/ProcessA/bin/arduino-mega2560/atmega_common_periph/gpio.o
                              /home/girish/RIOT_trial/ProcessA/bin/arduino-mega2560/arduino/base.o (gpio_init)
/home/girish/RIOT_trial/ProcessA/bin/arduino-mega2560/atmega_common_periph/pwm.o
                              /home/girish/RIOT_trial/ProcessA/bin/arduino-mega2560/arduino/base.o (pwm_init)
/home/girish/RIOT_trial/ProcessA/bin/arduino-mega2560/atmega_common_periph/timer.o
                              /home/girish/RIOT_trial/ProcessA/bin/arduino-mega2560/arduino/base.o (timer_read)
/home/girish/RIOT_trial/ProcessA/bin/arduino-mega2560/atmega_common_periph/adc.o
                              /home/girish/RIOT_trial/ProcessA/bin/arduino-mega2560/arduino/base.o (adc_init)
/home/girish/RIOT_trial/ProcessA/bin/arduino-mega2560/boards_common_atmega/board.o
                              /home/girish/RIOT_trial/ProcessA/bin/arduino-mega2560/atmega_common/startup.o (board_init)
/home/girish/RIOT_trial/ProcessA/bin/arduino-mega2560/core/mutex.o
                              /home/girish/RIOT_trial/ProcessA/bin/arduino-mega2560/atmega_common_periph/adc.o (_mutex_lock)
/home/girish/RIOT_trial/ProcessA/bin/arduino-mega2560/core/ringbuffer.o
                              /home/girish/RIOT_trial/ProcessA/bin/arduino-mega2560/arduino/serialport.o (ringbuffer_add_one)
/home/girish/RIOT_trial/ProcessA/bin/arduino-mega2560/core/thread.o
                              /home/girish/RIOT_trial/ProcessA/bin/arduino-mega2560/core/mutex.o (thread_add_to_list)
/home/girish/RIOT_trial/ProcessA/bin/arduino-mega2560/core/init.o
                              /home/girish/RIOT_trial/ProcessA/bin/arduino-mega2560/atmega_common/startup.o (kernel_init)
/home/girish/RIOT_trial/ProcessA/bin/arduino-mega2560/core/panic.o
                              /home/girish/RIOT_trial/ProcessA/bin/arduino-mega2560/arduino/base.o (core_panic)
/home/girish/RIOT_trial/ProcessA/bin/arduino-mega2560/core/sched.o
                              /home/girish/RIOT_trial/ProcessA/bin/arduino-mega2560/core/mutex.o (sched_active_thread)
/home/girish/RIOT_trial/ProcessA/bin/arduino-mega2560/xtimer/xtimer_core.o
                              /home/girish/RIOT_trial/ProcessA/bin/arduino-mega2560/arduino/base.o (_xtimer_current_time)
/home/girish/RIOT_trial/ProcessA/bin/arduino-mega2560/xtimer/xtimer.o
                              /home/girish/RIOT_trial/ProcessA/bin/arduino-mega2560/arduino/base.o (_xtimer_tsleep)
/home/girish/RIOT_trial/ProcessA/bin/arduino-mega2560/periph_common/pm.o
                              /home/girish/RIOT_trial/ProcessA/bin/arduino-mega2560/core/panic.o (pm_off)
/home/girish/RIOT_trial/ProcessA/bin/arduino-mega2560/atmega_common/cpu.o
                              /home/girish/RIOT_trial/ProcessA/bin/arduino-mega2560/boards_common_atmega/board.o (cpu_init)
/home/girish/RIOT_trial/ProcessA/bin/arduino-mega2560/atmega_common/thread_arch.o
                              /home/girish/RIOT_trial/ProcessA/bin/arduino-mega2560/core/thread.o (thread_stack_init)
/home/girish/RIOT_trial/ProcessA/bin/arduino-mega2560/auto_init/auto_init.o
                              /home/girish/RIOT_trial/ProcessA/bin/arduino-mega2560/core/init.o (auto_init)
/home/girish/RIOT_trial/ProcessA/bin/arduino-mega2560/avr_libc_extra/atmega_stdio.o
                              /home/girish/RIOT_trial/ProcessA/bin/arduino-mega2560/atmega_common/cpu.o (atmega_stdio_init)
/home/girish/RIOT_trial/ProcessA/bin/arduino-mega2560/boards_common_arduino-atmega/led_init.o
                              /home/girish/RIOT_trial/ProcessA/bin/arduino-mega2560/boards_common_atmega/board.o (led_init)
/home/girish/RIOT_trial/ProcessA/bin/arduino-mega2560/core/msg.o
[...]
Memory Configuration

Name             Origin             Length             Attributes
text             0x0000000000000000 0x000000000003e000 xr
data             0x0000000000800200 0x0000000000002000 rw !x
eeprom           0x0000000000810000 0x0000000000010000 rw !x
fuse             0x0000000000820000 0x0000000000000003 rw !x
lock             0x0000000000830000 0x0000000000000400 rw !x
signature        0x0000000000840000 0x0000000000000400 rw !x
user_signatures  0x0000000000850000 0x0000000000000400 rw !x
*default*        0x0000000000000000 0xffffffffffffffff

Linker script and memory map

Address of section .data set to 0x800200
LOAD /usr/lib/gcc/avr/5.4.0/../../../avr/lib/avr6/crtatmega2560.o
LOAD /home/girish/RIOT_trial/ProcessA/bin/arduino-mega2560/atmega_common/startup.o
START GROUP
LOAD /home/girish/RIOT_trial/ProcessA/bin/arduino-mega2560/application_master.a
LOAD /home/girish/RIOT_trial/ProcessA/bin/arduino-mega2560/arduino.a
LOAD /home/girish/RIOT_trial/ProcessA/bin/arduino-mega2560/arduino_sketches.a
LOAD /home/girish/RIOT_trial/ProcessA/bin/arduino-mega2560/atmega_common.a
LOAD /home/girish/RIOT_trial/ProcessA/bin/arduino-mega2560/atmega_common_periph.a
LOAD /home/girish/RIOT_trial/ProcessA/bin/arduino-mega2560/auto_init.a
LOAD /home/girish/RIOT_trial/ProcessA/bin/arduino-mega2560/avr_libc_extra.a
LOAD /home/girish/RIOT_trial/ProcessA/bin/arduino-mega2560/board.a
LOAD /home/girish/RIOT_trial/ProcessA/bin/arduino-mega2560/boards_common_arduino-atmega.a
LOAD /home/girish/RIOT_trial/ProcessA/bin/arduino-mega2560/boards_common_atmega.a
LOAD /home/girish/RIOT_trial/ProcessA/bin/arduino-mega2560/core.a
LOAD /home/girish/RIOT_trial/ProcessA/bin/arduino-mega2560/cpu.a
LOAD /home/girish/RIOT_trial/ProcessA/bin/arduino-mega2560/div.a
LOAD /home/girish/RIOT_trial/ProcessA/bin/arduino-mega2560/stdio_uart.a
LOAD /home/girish/RIOT_trial/ProcessA/bin/arduino-mega2560/sys.a
LOAD /home/girish/RIOT_trial/ProcessA/bin/arduino-mega2560/xtimer.a
LOAD /home/girish/RIOT_trial/ProcessA/bin/arduino-mega2560/periph_common.a
END GROUP
LOAD /usr/lib/gcc/avr/5.4.0/avr6/libgcc.a
                0x000000000003e000                __TEXT_REGION_LENGTH__ = 0x3e000
                0x0000000000002000                __DATA_REGION_LENGTH__ = 0x2000
LOAD /usr/lib/gcc/avr/5.4.0/avr6/libgcc.a
LOAD /usr/lib/gcc/avr/5.4.0/../../../avr/lib/avr6/libm.a
START GROUP
LOAD /usr/lib/gcc/avr/5.4.0/avr6/libgcc.a
LOAD /usr/lib/gcc/avr/5.4.0/../../../avr/lib/avr6/libm.a
LOAD /usr/lib/gcc/avr/5.4.0/../../../avr/lib/avr6/libc.a
LOAD /usr/lib/gcc/avr/5.4.0/../../../avr/lib/avr6/libatmega2560.a
END GROUP
                0x0000000000000000                __TEXT_REGION_ORIGIN__ = DEFINED (__TEXT_REGION_ORIGIN__)?__TEXT_REGION_ORIGIN__:0x0
                0x0000000000800200                __DATA_REGION_ORIGIN__ = DEFINED (__DATA_REGION_ORIGIN__)?__DATA_REGION_ORIGIN__:0x800200
                0x0000000000100000                __TEXT_REGION_LENGTH__ = DEFINED (__TEXT_REGION_LENGTH__)?__TEXT_REGION_LENGTH__:0x100000
                0x000000000000fe00                __DATA_REGION_LENGTH__ = DEFINED (__DATA_REGION_LENGTH__)?__DATA_REGION_LENGTH__:0xfe00
                0x0000000000010000                __EEPROM_REGION_LENGTH__ = DEFINED (__EEPROM_REGION_LENGTH__)?__EEPROM_REGION_LENGTH__:0x10000
                [0x0000000000000003]                __FUSE_REGION_LENGTH__ = DEFINED (__FUSE_REGION_LENGTH__)?__FUSE_REGION_LENGTH__:0x400
                0x0000000000000400                __LOCK_REGION_LENGTH__ = DEFINED (__LOCK_REGION_LENGTH__)?__LOCK_REGION_LENGTH__:0x400
                0x0000000000000400                __SIGNATURE_REGION_LENGTH__ = DEFINED (__SIGNATURE_REGION_LENGTH__)?__SIGNATURE_REGION_LENGTH__:0x400
                0x0000000000000400                __USER_SIGNATURE_REGION_LENGTH__ = DEFINED (__USER_SIGNATURE_REGION_LENGTH__)?__USER_SIGNATURE_REGION_LENGTH__:0x400

.hash
 *(.hash)

.dynsym
 *(.dynsym)

.dynstr
 *(.dynstr)

.gnu.version
 *(.gnu.version)

.gnu.version_d
 *(.gnu.version_d)

.gnu.version_r
 *(.gnu.version_r)

.rel.init
 *(.rel.init)

.rela.init
 *(.rela.init)

.rel.text
 *(.rel.text)
 *(.rel.text.*)
 *(.rel.gnu.linkonce.t*)

.rela.text
 *(.rela.text)
 *(.rela.text.*)
 *(.rela.gnu.linkonce.t*)

.rel.fini
 *(.rel.fini)

.rela.fini
 *(.rela.fini)

.rel.rodata
 *(.rel.rodata)
 *(.rel.rodata.*)
 *(.rel.gnu.linkonce.r*)

.rela.rodata
 *(.rela.rodata)
 *(.rela.rodata.*)
 *(.rela.gnu.linkonce.r*)

.rel.data
 *(.rel.data)
 *(.rel.data.*)
 *(.rel.gnu.linkonce.d*)

.rela.data
 *(.rela.data)
 *(.rela.data.*)
 *(.rela.gnu.linkonce.d*)

.rel.ctors
 *(.rel.ctors)

.rela.ctors
 *(.rela.ctors)

.rel.dtors
 *(.rel.dtors)

.rela.dtors
 *(.rela.dtors)

.rel.got
 *(.rel.got)

.rela.got
 *(.rela.got)

.rel.bss
 *(.rel.bss)

.rela.bss
 *(.rela.bss)

.rel.plt
 *(.rel.plt)

.rela.plt
 *(.rela.plt)

.text           0x0000000000000000     0x24da
 *(.vectors)
 .vectors       0x0000000000000000       0xe4 /usr/lib/gcc/avr/5.4.0/../../../avr/lib/avr6/crtatmega2560.o
                0x0000000000000000                __vectors
 *(.vectors)
 *(.progmem.gcc*)
                0x00000000000000e4                . = ALIGN (0x2)
                0x00000000000000e4                __trampolines_start = .
 *(.trampolines)
 .trampolines   0x00000000000000e4       0x2c linker stubs
 *(.trampolines*)
                0x0000000000000110                __trampolines_end = .
 *libprintf_flt.a:*(.progmem.data)
 *libc.a:*(.progmem.data)
 *(.progmem*)
 .progmem.data.__c.2022
                0x0000000000000110       0x49 /home/girish/RIOT_trial/ProcessA/bin/arduino-mega2560/atmega_common/cpu.o
                0x000000000000015a                . = ALIGN (0x2)
 *fill*         0x0000000000000159        0x1 
 *(.jumptables)
 *(.jumptables*)
 *(.lowtext)
 *(.lowtext*)
                0x000000000000015a                __ctors_start = .
 *(.ctors)
 .ctors         0x000000000000015a        0x2 /home/girish/RIOT_trial/ProcessA/bin/arduino-mega2560/application_master/_sketches.o
 .ctors         0x000000000000015c        0x2 /home/girish/RIOT_trial/ProcessA/bin/arduino-mega2560/application_master/main.o
 .ctors         0x000000000000015e        0x2 /home/girish/RIOT_trial/ProcessA/bin/arduino-mega2560/arduino/base.o
                0x0000000000000160                __ctors_end = .
                0x0000000000000160                __dtors_start = .
 *(.dtors)
                0x0000000000000160                __dtors_end = .
 SORT(*)(.ctors)
 SORT(*)(.dtors)
 *(.init0)
 .init0         0x0000000000000160        0x0 /usr/lib/gcc/avr/5.4.0/../../../avr/lib/avr6/crtatmega2560.o
                0x0000000000000160                __init
 .init0         0x0000000000000160       0x24 /home/girish/RIOT_trial/ProcessA/bin/arduino-mega2560/atmega_common/cpu.o
                0x0000000000000160                get_mcusr
 *(.init0)
 *(.init1)
 *(.init1)
 *(.init2)
 .init2         0x0000000000000184       0x10 /usr/lib/gcc/avr/5.4.0/../../../avr/lib/avr6/crtatmega2560.o
 *(.init2)
 *(.init3)
 *(.init3)
 *(.init4)
 .init4         0x0000000000000194       0x1a /usr/lib/gcc/avr/5.4.0/avr6/libgcc.a(_copy_data.o)
                0x0000000000000194                __do_copy_data
 .init4         0x00000000000001ae       0x10 /usr/lib/gcc/avr/5.4.0/avr6/libgcc.a(_clear_bss.o)
                0x00000000000001ae                __do_clear_bss
 *(.init4)
 *(.init5)
 *(.init5)
 *(.init6)
 .init6         0x00000000000001be       0x20 /usr/lib/gcc/avr/5.4.0/avr6/libgcc.a(_ctors.o)
                0x00000000000001be                __do_global_ctors
 *(.init6)
 *(.init7)
 .init7         0x00000000000001de        0x4 /home/girish/RIOT_trial/ProcessA/bin/arduino-mega2560/atmega_common/startup.o
                0x00000000000001de                init7_ovr
 *(.init7)
 *(.init8)
 .init8         0x00000000000001e2        0x4 /home/girish/RIOT_trial/ProcessA/bin/arduino-mega2560/atmega_common/startup.o
                0x00000000000001e2                init8_ovr
 *(.init8)
 *(.init9)
 .init9         0x00000000000001e6        0x8 /usr/lib/gcc/avr/5.4.0/../../../avr/lib/avr6/crtatmega2560.o
 *(.init9)
 *(.text)
 .text          0x00000000000001ee        0x4 /usr/lib/gcc/avr/5.4.0/../../../avr/lib/avr6/crtatmega2560.o
                0x00000000000001ee                __vector_22
                0x00000000000001ee                __vector_28
                0x00000000000001ee                __vector_1
                0x00000000000001ee                __vector_32
                0x00000000000001ee                __vector_34
                0x00000000000001ee                __vector_24
                0x00000000000001ee                __vector_12
                0x00000000000001ee                __vector_55
                0x00000000000001ee                __vector_46
                0x00000000000001ee                __bad_interrupt
                0x00000000000001ee                __vector_6
                0x00000000000001ee                __vector_31
                0x00000000000001ee                __vector_35
                0x00000000000001ee                __vector_39
                0x00000000000001ee                __vector_3
                0x00000000000001ee                __vector_23
                0x00000000000001ee                __vector_30
                0x00000000000001ee                __vector_45
                0x00000000000001ee                __vector_11
                0x00000000000001ee                __vector_54
                0x00000000000001ee                __vector_13
                0x00000000000001ee                __vector_56
                0x00000000000001ee                __vector_7
                0x00000000000001ee                __vector_49
                0x00000000000001ee                __vector_41
                0x00000000000001ee                __vector_5
                0x00000000000001ee                __vector_33
                0x00000000000001ee                __vector_47
                0x00000000000001ee                __vector_52
                0x00000000000001ee                __vector_37
                0x00000000000001ee                __vector_4
                0x00000000000001ee                __vector_51
                0x00000000000001ee                __vector_9
                0x00000000000001ee                __vector_2
                0x00000000000001ee                __vector_21
                0x00000000000001ee                __vector_15
                0x00000000000001ee                __vector_29
                0x00000000000001ee                __vector_40
                0x00000000000001ee                __vector_8
                0x00000000000001ee                __vector_26
                0x00000000000001ee                __vector_48
                0x00000000000001ee                __vector_14
                0x00000000000001ee                __vector_53
                0x00000000000001ee                __vector_10
                0x00000000000001ee                __vector_50
                0x00000000000001ee                __vector_16
                0x00000000000001ee                __vector_20
                0x00000000000001f2                . = ALIGN (0x2)
 *(.text.*)
 .text.reset_handler
                0x00000000000001f2        0x8 /home/girish/RIOT_trial/ProcessA/bin/arduino-mega2560/atmega_common/startup.o
                0x00000000000001f2                reset_handler
 .text.startup.main
                0x00000000000001fa        0xa /home/girish/RIOT_trial/ProcessA/bin/arduino-mega2560/application_master/_sketches.o
                0x00000000000001fa                main
 .text.startup._GLOBAL__sub_I_main
                0x0000000000000204        0xc /home/girish/RIOT_trial/ProcessA/bin/arduino-mega2560/application_master/_sketches.o
 .text._Z7tx_loopPv
                0x0000000000000210       0x36 /home/girish/RIOT_trial/ProcessA/bin/arduino-mega2560/application_master/main.o
                0x0000000000000210                _Z7tx_loopPv
 .text._Z5setupv
                0x0000000000000246       0x7e /home/girish/RIOT_trial/ProcessA/bin/arduino-mega2560/application_master/main.o
                0x0000000000000246                _Z5setupv
 .text._Z4loopv
                0x00000000000002c4        0x2 /home/girish/RIOT_trial/ProcessA/bin/arduino-mega2560/application_master/main.o
                0x00000000000002c4                _Z4loopv
 .text.startup._GLOBAL__sub_I_b
                0x00000000000002c6        0xc /home/girish/RIOT_trial/ProcessA/bin/arduino-mega2560/application_master/main.o
 .text._Z7pinModeii
                0x00000000000002d2       0x22 /home/girish/RIOT_trial/ProcessA/bin/arduino-mega2560/arduino/base.o
                0x00000000000002d2                _Z7pinModeii
 .text._Z12digitalWriteii
                0x00000000000002f4        0xc /home/girish/RIOT_trial/ProcessA/bin/arduino-mega2560/arduino/base.o
                0x00000000000002f4                _Z12digitalWriteii
 .text._Z5delaym
                0x0000000000000300       0x24 /home/girish/RIOT_trial/ProcessA/bin/arduino-mega2560/arduino/base.o
                0x0000000000000300                _Z5delaym
 .text.startup._GLOBAL__sub_I__Z7pinModeii
                0x0000000000000324        0xc /home/girish/RIOT_trial/ProcessA/bin/arduino-mega2560/arduino/base.o
 .text._ZN10SerialPortC2Ej
                0x0000000000000330        0x8 /home/girish/RIOT_trial/ProcessA/bin/arduino-mega2560/arduino/serialport.o
                0x0000000000000330                _ZN10SerialPortC2Ej
                0x0000000000000330                _ZN10SerialPortC1Ej
 .text._ZN10SerialPort5writeEPKc
                0x0000000000000338       0x2e /home/girish/RIOT_trial/ProcessA/bin/arduino-mega2560/arduino/serialport.o
                0x0000000000000338                _ZN10SerialPort5writeEPKc
 .text._ZN10SerialPort7printlnEPKc
                0x0000000000000366       0x28 /home/girish/RIOT_trial/ProcessA/bin/arduino-mega2560/arduino/serialport.o
                0x0000000000000366                _ZN10SerialPort7printlnEPKc
 .text.irq_disable
                0x000000000000038e        0xc /home/girish/RIOT_trial/ProcessA/bin/arduino-mega2560/atmega_common/irq_arch.o
                0x000000000000038e                irq_disable
 .text.irq_enable
                0x000000000000039a        0xc /home/girish/RIOT_trial/ProcessA/bin/arduino-mega2560/atmega_common/irq_arch.o
                0x000000000000039a                irq_enable
 .text.irq_restore
                0x00000000000003a6       0x14 /home/girish/RIOT_trial/ProcessA/bin/arduino-mega2560/atmega_common/irq_arch.o
                0x00000000000003a6                irq_restore
 .text.irq_is_in
                0x00000000000003ba        0x8 /home/girish/RIOT_trial/ProcessA/bin/arduino-mega2560/atmega_common/irq_arch.o
                0x00000000000003ba                irq_is_in
 .text._rx_isr_handler
                0x00000000000003c2       0x3a /home/girish/RIOT_trial/ProcessA/bin/arduino-mega2560/atmega_common_periph/uart.o
 .text.uart_init
                0x00000000000003fc       0xb4 /home/girish/RIOT_trial/ProcessA/bin/arduino-mega2560/atmega_common_periph/uart.o
                0x00000000000003fc                uart_init
 .text.uart_write
                0x00000000000004b0       0x46 /home/girish/RIOT_trial/ProcessA/bin/arduino-mega2560/atmega_common_periph/uart.o
                0x00000000000004b0                uart_write
 .text.__vector_25
                0x00000000000004f6       0x54 /home/girish/RIOT_trial/ProcessA/bin/arduino-mega2560/atmega_common_periph/uart.o
                0x00000000000004f6                __vector_25
 .text.__vector_36
                0x000000000000054a       0x54 /home/girish/RIOT_trial/ProcessA/bin/arduino-mega2560/atmega_common_periph/uart.o
                0x000000000000054a                __vector_36
 .text.__vector_27
                0x000000000000059e       0x60 /home/girish/RIOT_trial/ProcessA/bin/arduino-mega2560/atmega_common_periph/uart.o
                0x000000000000059e                __vector_27
 .text.__vector_38
                0x00000000000005fe       0x60 /home/girish/RIOT_trial/ProcessA/bin/arduino-mega2560/atmega_common_periph/uart.o
                0x00000000000005fe                __vector_38
 .text.atmega_port_addr
                0x000000000000065e       0x1c /home/girish/RIOT_trial/ProcessA/bin/arduino-mega2560/atmega_common_periph/gpio.o
 .text.gpio_init
                0x000000000000067a       0x6a /home/girish/RIOT_trial/ProcessA/bin/arduino-mega2560/atmega_common_periph/gpio.o
                0x000000000000067a                gpio_init
 .text.gpio_set
                0x00000000000006e4       0x22 /home/girish/RIOT_trial/ProcessA/bin/arduino-mega2560/atmega_common_periph/gpio.o
                0x00000000000006e4                gpio_set
 .text.gpio_clear
                0x0000000000000706       0x28 /home/girish/RIOT_trial/ProcessA/bin/arduino-mega2560/atmega_common_periph/gpio.o
                0x0000000000000706                gpio_clear
 .text.gpio_write
                0x000000000000072e        0xc /home/girish/RIOT_trial/ProcessA/bin/arduino-mega2560/atmega_common_periph/gpio.o
                0x000000000000072e                gpio_write
 .text._isr     0x000000000000073a       0x52 /home/girish/RIOT_trial/ProcessA/bin/arduino-mega2560/atmega_common_periph/timer.o
 .text.timer_init
                0x000000000000078c       0xa8 /home/girish/RIOT_trial/ProcessA/bin/arduino-mega2560/atmega_common_periph/timer.o
                0x000000000000078c                timer_init
 .text.timer_set_absolute
                0x0000000000000834       0x62 /home/girish/RIOT_trial/ProcessA/bin/arduino-mega2560/atmega_common_periph/timer.o
                0x0000000000000834                timer_set_absolute
 .text.timer_read
                0x0000000000000896       0x20 /home/girish/RIOT_trial/ProcessA/bin/arduino-mega2560/atmega_common_periph/timer.o
                0x0000000000000896                timer_read
 .text.__vector_17
                0x00000000000008b6       0x58 /home/girish/RIOT_trial/ProcessA/bin/arduino-mega2560/atmega_common_periph/timer.o
                0x00000000000008b6                __vector_17
 .text.__vector_18
                0x000000000000090e       0x58 /home/girish/RIOT_trial/ProcessA/bin/arduino-mega2560/atmega_common_periph/timer.o
                0x000000000000090e                __vector_18
 .text.__vector_19
                0x0000000000000966       0x58 /home/girish/RIOT_trial/ProcessA/bin/arduino-mega2560/atmega_common_periph/timer.o
                0x0000000000000966                __vector_19
 .text.__vector_42
                0x00000000000009be       0x58 /home/girish/RIOT_trial/ProcessA/bin/arduino-mega2560/atmega_common_periph/timer.o
                0x00000000000009be                __vector_42
 .text.__vector_43
                0x0000000000000a16       0x58 /home/girish/RIOT_trial/ProcessA/bin/arduino-mega2560/atmega_common_periph/timer.o
                0x0000000000000a16                __vector_43
 .text.__vector_44
                0x0000000000000a6e       0x58 /home/girish/RIOT_trial/ProcessA/bin/arduino-mega2560/atmega_common_periph/timer.o
                0x0000000000000a6e                __vector_44
 .text.board_init
                0x0000000000000ac6       0x16 /home/girish/RIOT_trial/ProcessA/bin/arduino-mega2560/boards_common_atmega/board.o
                0x0000000000000ac6                board_init
 .text._mutex_lock
                0x0000000000000adc       0x8a /home/girish/RIOT_trial/ProcessA/bin/arduino-mega2560/core/mutex.o
                0x0000000000000adc                _mutex_lock
 .text.mutex_unlock
                0x0000000000000b66       0x82 /home/girish/RIOT_trial/ProcessA/bin/arduino-mega2560/core/mutex.o
                0x0000000000000b66                mutex_unlock
 .text.thread_add_to_list
                0x0000000000000be8       0x42 /home/girish/RIOT_trial/ProcessA/bin/arduino-mega2560/core/thread.o
                0x0000000000000be8                thread_add_to_list
 .text.thread_create
                0x0000000000000c2a      0x17c /home/girish/RIOT_trial/ProcessA/bin/arduino-mega2560/core/thread.o
                0x0000000000000c2a                thread_create
 .text.main_trampoline
                0x0000000000000da6       0x1e /home/girish/RIOT_trial/ProcessA/bin/arduino-mega2560/core/init.o
 .text.idle_thread
                0x0000000000000dc4        0x6 /home/girish/RIOT_trial/ProcessA/bin/arduino-mega2560/core/init.o
 .text.kernel_init
                0x0000000000000dca       0x48 /home/girish/RIOT_trial/ProcessA/bin/arduino-mega2560/core/init.o
                0x0000000000000dca                kernel_init
 .text.panic_arch
                0x0000000000000e12        0x2 /home/girish/RIOT_trial/ProcessA/bin/arduino-mega2560/core/panic.o
                0x0000000000000e12                panic_arch
 .text.core_panic
                0x0000000000000e14       0x76 /home/girish/RIOT_trial/ProcessA/bin/arduino-mega2560/core/panic.o
                0x0000000000000e14                core_panic
 .text.sched_run
                0x0000000000000e8a       0x7e /home/girish/RIOT_trial/ProcessA/bin/arduino-mega2560/core/sched.o
                0x0000000000000e8a                sched_run
 .text.sched_set_status
                0x0000000000000f08      0x122 /home/girish/RIOT_trial/ProcessA/bin/arduino-mega2560/core/sched.o
                0x0000000000000f08                sched_set_status
 .text.sched_switch
                0x000000000000102a       0x34 /home/girish/RIOT_trial/ProcessA/bin/arduino-mega2560/core/sched.o
                0x000000000000102a                sched_switch
 .text.sched_task_exit
                0x000000000000105e       0x44 /home/girish/RIOT_trial/ProcessA/bin/arduino-mega2560/core/sched.o
                0x000000000000105e                sched_task_exit
 .text._add_timer_to_list
                0x00000000000010a2       0xe6 /home/girish/RIOT_trial/ProcessA/bin/arduino-mega2560/xtimer/xtimer_core.o
 .text._remove_timer_from_list
                0x0000000000001188       0x2c /home/girish/RIOT_trial/ProcessA/bin/arduino-mega2560/xtimer/xtimer_core.o
 .text._xtimer_now64
                0x00000000000011b4      0x102 /home/girish/RIOT_trial/ProcessA/bin/arduino-mega2560/xtimer/xtimer_core.o
 .text._schedule_earliest_lltimer.part.0
                0x00000000000012b6       0x66 /home/girish/RIOT_trial/ProcessA/bin/arduino-mega2560/xtimer/xtimer_core.o
 .text._xtimer_now
                0x000000000000131c        0xa /home/girish/RIOT_trial/ProcessA/bin/arduino-mega2560/xtimer/xtimer_core.o
                0x000000000000131c                _xtimer_now
 .text.xtimer_init
                0x0000000000001326       0x3a /home/girish/RIOT_trial/ProcessA/bin/arduino-mega2560/xtimer/xtimer_core.o
                0x0000000000001326                xtimer_init
 .text._periph_timer_callback
                0x0000000000001360      0x39e /home/girish/RIOT_trial/ProcessA/bin/arduino-mega2560/xtimer/xtimer_core.o
 .text.xtimer_remove
                0x00000000000016fe       0x52 /home/girish/RIOT_trial/ProcessA/bin/arduino-mega2560/xtimer/xtimer_core.o
                0x00000000000016fe                xtimer_remove
 .text._xtimer_set64
                0x0000000000001750      0x16c /home/girish/RIOT_trial/ProcessA/bin/arduino-mega2560/xtimer/xtimer_core.o
                0x0000000000001750                _xtimer_set64
 .text._callback_unlock_mutex
                0x00000000000018bc        0x4 /home/girish/RIOT_trial/ProcessA/bin/arduino-mega2560/xtimer/xtimer.o
 .text._xtimer_tsleep
                0x00000000000018c0       0xf6 /home/girish/RIOT_trial/ProcessA/bin/arduino-mega2560/xtimer/xtimer.o
                0x00000000000018c0                _xtimer_tsleep
 .text.pm_off   0x00000000000019b6        0x6 /home/girish/RIOT_trial/ProcessA/bin/arduino-mega2560/periph_common/pm.o
                0x00000000000019b6                pm_off
 .text.pm_set_lowest
                0x00000000000019bc        0x2 /home/girish/RIOT_trial/ProcessA/bin/arduino-mega2560/periph_common/pm.o
                0x00000000000019bc                pm_set_lowest
 .text.cpu_init
                0x00000000000019be       0x20 /home/girish/RIOT_trial/ProcessA/bin/arduino-mega2560/atmega_common/cpu.o
                0x00000000000019be                cpu_init
 .text.__vector_default
                0x00000000000019de       0x16 /home/girish/RIOT_trial/ProcessA/bin/arduino-mega2560/atmega_common/cpu.o
                0x00000000000019de                __vector_default
 .text.thread_stack_init
                0x00000000000019f4       0x6a /home/girish/RIOT_trial/ProcessA/bin/arduino-mega2560/atmega_common/thread_arch.o
                0x00000000000019f4                thread_stack_init
 .text.cpu_switch_context_exit
                0x0000000000001a5e       0x9a /home/girish/RIOT_trial/ProcessA/bin/arduino-mega2560/atmega_common/thread_arch.o
                0x0000000000001a5e                cpu_switch_context_exit
 .text.thread_yield_higher
                0x0000000000001af8       0xdc /home/girish/RIOT_trial/ProcessA/bin/arduino-mega2560/atmega_common/thread_arch.o
                0x0000000000001af8                thread_yield_higher
 .text.atmega_exit_isr
                0x0000000000001bd4       0xd6 /home/girish/RIOT_trial/ProcessA/bin/arduino-mega2560/atmega_common/thread_arch.o
                0x0000000000001bd4                atmega_exit_isr
 .text.auto_init
                0x0000000000001caa        0x4 /home/girish/RIOT_trial/ProcessA/bin/arduino-mega2560/auto_init/auto_init.o
                0x0000000000001caa                auto_init
 .text._uart_getchar
                0x0000000000001cae       0x26 /home/girish/RIOT_trial/ProcessA/bin/arduino-mega2560/avr_libc_extra/atmega_stdio.o
 .text._uart_putchar
                0x0000000000001cd4       0x24 /home/girish/RIOT_trial/ProcessA/bin/arduino-mega2560/avr_libc_extra/atmega_stdio.o
 .text.atmega_stdio_init
                0x0000000000001cf8       0x20 /home/girish/RIOT_trial/ProcessA/bin/arduino-mega2560/avr_libc_extra/atmega_stdio.o
                0x0000000000001cf8                atmega_stdio_init
 .text.led_init
                0x0000000000001d18        0xc /home/girish/RIOT_trial/ProcessA/bin/arduino-mega2560/boards_common_arduino-atmega/led_init.o
                0x0000000000001d18                led_init
 .text.stdio_init
                0x0000000000001d24       0x22 /home/girish/RIOT_trial/ProcessA/bin/arduino-mega2560/stdio_uart/stdio_uart.o
                0x0000000000001d24                stdio_init
 .text.stdio_read
                0x0000000000001d46        0x6 /home/girish/RIOT_trial/ProcessA/bin/arduino-mega2560/stdio_uart/stdio_uart.o
                0x0000000000001d46                stdio_read
 .text.stdio_write
                0x0000000000001d4c       0x1a /home/girish/RIOT_trial/ProcessA/bin/arduino-mega2560/stdio_uart/stdio_uart.o
                0x0000000000001d4c                stdio_write
 .text.periph_init
                0x0000000000001d66       0x10 /home/girish/RIOT_trial/ProcessA/bin/arduino-mega2560/periph_common/init.o
                0x0000000000001d66                periph_init
 .text.spi_init_pins
                0x0000000000001d76        0x8 /home/girish/RIOT_trial/ProcessA/bin/arduino-mega2560/atmega_common_periph/spi.o
                0x0000000000001d76                spi_init_pins
 .text.spi_init
                0x0000000000001d7e       0x20 /home/girish/RIOT_trial/ProcessA/bin/arduino-mega2560/atmega_common_periph/spi.o
                0x0000000000001d7e                spi_init
 .text.i2c_init
                0x0000000000001d9e       0x54 /home/girish/RIOT_trial/ProcessA/bin/arduino-mega2560/atmega_common_periph/i2c.o
                0x0000000000001d9e                i2c_init
 .text.libgcc.div
                0x0000000000001df2       0x44 /usr/lib/gcc/avr/5.4.0/avr6/libgcc.a(_udivmodsi4.o)
                0x0000000000001df2                __udivmodsi4
 .text.libgcc.mul
                0x0000000000001e36       0x16 /usr/lib/gcc/avr/5.4.0/avr6/libgcc.a(_muluhisi3.o)
                0x0000000000001e36                __muluhisi3
 .text.libgcc.builtins
                0x0000000000001e4c       0x3c /usr/lib/gcc/avr/5.4.0/avr6/libgcc.a(_ashrdi3.o)
                0x0000000000001e4c                __ashrdi3
                0x0000000000001e50                __lshrdi3
 .text.libgcc   0x0000000000001e88       0x12 /usr/lib/gcc/avr/5.4.0/avr6/libgcc.a(_adddi3.o)
                0x0000000000001e88                __adddi3
 .text.libgcc   0x0000000000001e9a       0x10 /usr/lib/gcc/avr/5.4.0/avr6/libgcc.a(_tablejump2.o)
                0x0000000000001e9a                __tablejump2__
 .text.libgcc.mul
                0x0000000000001eaa       0x1e /usr/lib/gcc/avr/5.4.0/avr6/libgcc.a(_umulhisi3.o)
                0x0000000000001eaa                __umulhisi3
 .text.avr-libc
                0x0000000000001ec8       0x12 /usr/lib/gcc/avr/5.4.0/../../../avr/lib/avr6/libc.a(strlen.o)
                0x0000000000001ec8                strlen
 .text.avr-libc
                0x0000000000001eda       0x28 /usr/lib/gcc/avr/5.4.0/../../../avr/lib/avr6/libc.a(printf.o)
                0x0000000000001eda                printf
 .text.avr-libc
                0x0000000000001f02       0x60 /usr/lib/gcc/avr/5.4.0/../../../avr/lib/avr6/libc.a(puts.o)
                0x0000000000001f02                puts
 .text.avr-libc
                0x0000000000001f62      0x414 /usr/lib/gcc/avr/5.4.0/../../../avr/lib/avr6/libc.a(vfprintf_std.o)
                0x0000000000001f62                vfprintf
 .text.avr-libc
                0x0000000000002376       0x16 /usr/lib/gcc/avr/5.4.0/../../../avr/lib/avr6/libc.a(strnlen_P.o)
                0x0000000000002376                strnlen_P
 .text.avr-libc
                0x000000000000238c       0x16 /usr/lib/gcc/avr/5.4.0/../../../avr/lib/avr6/libc.a(strnlen.o)
                0x000000000000238c                strnlen
 .text.avr-libc
                0x00000000000023a2       0x78 /usr/lib/gcc/avr/5.4.0/../../../avr/lib/avr6/libc.a(fputc.o)
                0x00000000000023a2                fputc
 .text.avr-libc
                0x000000000000241a       0xbc /usr/lib/gcc/avr/5.4.0/../../../avr/lib/avr6/libc.a(ultoa_invert.o)
                0x000000000000241a                __ultoa_invert
                0x00000000000024d6                . = ALIGN (0x2)
 *(.fini9)
 .fini9         0x00000000000024d6        0x0 /usr/lib/gcc/avr/5.4.0/avr6/libgcc.a(_exit.o)
                0x00000000000024d6                exit
                0x00000000000024d6                _exit
 *(.fini9)
 *(.fini8)
 *(.fini8)
 *(.fini7)
 *(.fini7)
 *(.fini6)
 *(.fini6)
 *(.fini5)
 *(.fini5)
 *(.fini4)
 *(.fini4)
 *(.fini3)
 *(.fini3)
 *(.fini2)
 *(.fini2)
 *(.fini1)
 *(.fini1)
 *(.fini0)
 .fini0         0x00000000000024d6        0x4 /usr/lib/gcc/avr/5.4.0/avr6/libgcc.a(_exit.o)
 *(.fini0)
                0x00000000000024da                _etext = .

.data           0x0000000000800200      0x15e load address 0x00000000000024da
                0x0000000000800200                PROVIDE (__data_start, .)
 *(.data)
 .data          0x0000000000800200        0x6 /usr/lib/gcc/avr/5.4.0/../../../avr/lib/avr6/libc.a(malloc.o)
                0x0000000000800200                __malloc_heap_end
                0x0000000000800202                __malloc_heap_start
                0x0000000000800204                __malloc_margin
 *(.data*)
 .data.ctx      0x0000000000800206       0x18 /home/girish/RIOT_trial/ProcessA/bin/arduino-mega2560/atmega_common_periph/timer.o
 .data._uart_stdin
                0x000000000080021e        0xe /home/girish/RIOT_trial/ProcessA/bin/arduino-mega2560/avr_libc_extra/atmega_stdio.o
 .data._uart_stdout
                0x000000000080022c        0xe /home/girish/RIOT_trial/ProcessA/bin/arduino-mega2560/avr_libc_extra/atmega_stdio.o
 *(.gnu.linkonce.d*)
 *(.rodata)
 *(.rodata*)
 .rodata.str1.1
                0x000000000080023a       0x11 /home/girish/RIOT_trial/ProcessA/bin/arduino-mega2560/application_master/main.o
 .rodata._ZL14arduino_pinmap
                0x000000000080024b       0x46 /home/girish/RIOT_trial/ProcessA/bin/arduino-mega2560/arduino/base.o
 .rodata.str1.1
                0x0000000000800291       0x18 /home/girish/RIOT_trial/ProcessA/bin/arduino-mega2560/arduino/serialport.o
 .rodata.dev    0x00000000008002a9        0x4 /home/girish/RIOT_trial/ProcessA/bin/arduino-mega2560/atmega_common_periph/uart.o
 .rodata.prescalers
                0x00000000008002ad        0x5 /home/girish/RIOT_trial/ProcessA/bin/arduino-mega2560/atmega_common_periph/timer.o
 .rodata.str1.1
                0x00000000008002b2       0x56 /home/girish/RIOT_trial/ProcessA/bin/arduino-mega2560/core/init.o
 .rodata.str1.1
                0x0000000000800308       0x41 /home/girish/RIOT_trial/ProcessA/bin/arduino-mega2560/core/panic.o
 .rodata.assert_crash_message
                0x0000000000800349       0x12 /home/girish/RIOT_trial/ProcessA/bin/arduino-mega2560/core/panic.o
                0x0000000000800349                assert_crash_message
 .rodata.str1.1
                0x000000000080035b        0x2 /home/girish/RIOT_trial/ProcessA/bin/arduino-mega2560/avr_libc_extra/atmega_stdio.o
 *(.gnu.linkonce.r*)
                0x000000000080035e                . = ALIGN (0x2)
 *fill*         0x000000000080035d        0x1 
                0x000000000080035e                _edata = .
                0x000000000080035e                PROVIDE (__data_end, .)

.bss            0x000000000080035e      0x6f3
                0x000000000080035e                PROVIDE (__bss_start, .)
 *(.bss)
 *(.bss*)
 .bss._ZL6Serial
                0x000000000080035e       0x4a /home/girish/RIOT_trial/ProcessA/bin/arduino-mega2560/application_master/_sketches.o
 .bss._ZL9tx_stack1
                0x00000000008003a8      0x280 /home/girish/RIOT_trial/ProcessA/bin/arduino-mega2560/application_master/main.o
 .bss._ZL6Serial
                0x0000000000800628       0x4a /home/girish/RIOT_trial/ProcessA/bin/arduino-mega2560/application_master/main.o
 .bss._ZL6Serial
                0x0000000000800672       0x4a /home/girish/RIOT_trial/ProcessA/bin/arduino-mega2560/arduino/base.o
 .bss.atmega_in_isr
                0x00000000008006bc        0x1 /home/girish/RIOT_trial/ProcessA/bin/arduino-mega2560/atmega_common/irq_arch.o
                0x00000000008006bc                atmega_in_isr
 .bss._tx_pending
                0x00000000008006bd        0x1 /home/girish/RIOT_trial/ProcessA/bin/arduino-mega2560/atmega_common_periph/uart.o
 .bss.isr_ctx   0x00000000008006be        0x8 /home/girish/RIOT_trial/ProcessA/bin/arduino-mega2560/atmega_common_periph/uart.o
 .bss.idle_stack
                0x00000000008006c6       0x80 /home/girish/RIOT_trial/ProcessA/bin/arduino-mega2560/core/init.o
 .bss.main_stack
                0x0000000000800746      0x280 /home/girish/RIOT_trial/ProcessA/bin/arduino-mega2560/core/init.o
 .bss.crashed   0x00000000008009c6        0x2 /home/girish/RIOT_trial/ProcessA/bin/arduino-mega2560/core/panic.o
 .bss.runqueue_bitcache
                0x00000000008009c8        0x4 /home/girish/RIOT_trial/ProcessA/bin/arduino-mega2560/core/sched.o
 .bss.sched_runqueues
                0x00000000008009cc       0x20 /home/girish/RIOT_trial/ProcessA/bin/arduino-mega2560/core/sched.o
                0x00000000008009cc                sched_runqueues
 .bss.sched_active_pid
                0x00000000008009ec        0x2 /home/girish/RIOT_trial/ProcessA/bin/arduino-mega2560/core/sched.o
                0x00000000008009ec                sched_active_pid
 .bss.sched_active_thread
                0x00000000008009ee        0x2 /home/girish/RIOT_trial/ProcessA/bin/arduino-mega2560/core/sched.o
                0x00000000008009ee                sched_active_thread
 .bss.sched_threads
                0x00000000008009f0       0x42 /home/girish/RIOT_trial/ProcessA/bin/arduino-mega2560/core/sched.o
                0x00000000008009f0                sched_threads
 .bss.sched_context_switch_request
                0x0000000000800a32        0x2 /home/girish/RIOT_trial/ProcessA/bin/arduino-mega2560/core/sched.o
                0x0000000000800a32                sched_context_switch_request
 .bss.sched_num_threads
                0x0000000000800a34        0x2 /home/girish/RIOT_trial/ProcessA/bin/arduino-mega2560/core/sched.o
                0x0000000000800a34                sched_num_threads
 .bss._lltimer_ongoing
                0x0000000000800a36        0x1 /home/girish/RIOT_trial/ProcessA/bin/arduino-mega2560/xtimer/xtimer_core.o
 .bss.long_list_head
                0x0000000000800a37        0x2 /home/girish/RIOT_trial/ProcessA/bin/arduino-mega2560/xtimer/xtimer_core.o
 .bss.timer_list_head
                0x0000000000800a39        0x2 /home/girish/RIOT_trial/ProcessA/bin/arduino-mega2560/xtimer/xtimer_core.o
 .bss._xtimer_current_time
                0x0000000000800a3b        0x8 /home/girish/RIOT_trial/ProcessA/bin/arduino-mega2560/xtimer/xtimer_core.o
                0x0000000000800a3b                _xtimer_current_time
 .bss._in_handler
                0x0000000000800a43        0x2 /home/girish/RIOT_trial/ProcessA/bin/arduino-mega2560/xtimer/xtimer_core.o
 .bss.locks     0x0000000000800a45        0x2 /home/girish/RIOT_trial/ProcessA/bin/arduino-mega2560/atmega_common_periph/i2c.o
 *(COMMON)
 COMMON         0x0000000000800a47        0x4 /usr/lib/gcc/avr/5.4.0/../../../avr/lib/avr6/libc.a(malloc.o)
                0x0000000000800a47                __brkval
                0x0000000000800a49                __flp
 COMMON         0x0000000000800a4b        0x6 /usr/lib/gcc/avr/5.4.0/../../../avr/lib/avr6/libc.a(iob.o)
                0x0000000000800a4b                __iob
                0x0000000000800a51                PROVIDE (__bss_end, .)
                0x00000000000024da                __data_load_start = LOADADDR (.data)
                0x0000000000002638                __data_load_end = (__data_load_start + SIZEOF (.data))

.noinit         0x0000000000800a51        0x2
                [!provide]                        PROVIDE (__noinit_start, .)
 *(.noinit*)
 .noinit        0x0000000000800a51        0x2 /home/girish/RIOT_trial/ProcessA/bin/arduino-mega2560/atmega_common/cpu.o
                0x0000000000800a51                soft_rst
                0x0000000000800a52                mcusr_mirror
                [!provide]                        PROVIDE (__noinit_end, .)
                0x0000000000800a53                _end = .
                0x0000000000800a53                PROVIDE (__heap_start, .)

.eeprom         0x0000000000810000        0x0
 *(.eeprom*)
                0x0000000000810000                __eeprom_end = .

.fuse
 *(.fuse)
 *(.lfuse)
 *(.hfuse)
 *(.efuse)

.lock
 *(.lock*)

.signature
 *(.signature*)

.user_signatures
 *(.user_signatures*)

.stab
 *(.stab)

.stabstr
 *(.stabstr)

.stab.excl
 *(.stab.excl)

.stab.exclstr
 *(.stab.exclstr)

.stab.index
 *(.stab.index)

.stab.indexstr
 *(.stab.indexstr)

.comment        0x0000000000000000       0x11
 *(.comment)
 .comment       0x0000000000000000       0x11 /home/girish/RIOT_trial/ProcessA/bin/arduino-mega2560/atmega_common/startup.o
                                         0x12 (size before relaxing)
 .comment       0x0000000000000011       0x12 /home/girish/RIOT_trial/ProcessA/bin/arduino-mega2560/application_master/_sketches.o
 .comment       0x0000000000000011       0x12 /home/girish/RIOT_trial/ProcessA/bin/arduino-mega2560/application_master/main.o
 .comment       0x0000000000000011       0x12 /home/girish/RIOT_trial/ProcessA/bin/arduino-mega2560/arduino/base.o
 .comment       0x0000000000000011       0x12 /home/girish/RIOT_trial/ProcessA/bin/arduino-mega2560/arduino/serialport.o
 .comment       0x0000000000000011       0x12 /home/girish/RIOT_trial/ProcessA/bin/arduino-mega2560/atmega_common/irq_arch.o
 .comment       0x0000000000000011       0x12 /home/girish/RIOT_trial/ProcessA/bin/arduino-mega2560/atmega_common_periph/uart.o
 .comment       0x0000000000000011       0x12 /home/girish/RIOT_trial/ProcessA/bin/arduino-mega2560/atmega_common_periph/gpio.o
 .comment       0x0000000000000011       0x12 /home/girish/RIOT_trial/ProcessA/bin/arduino-mega2560/atmega_common_periph/timer.o
 .comment       0x0000000000000011       0x12 /home/girish/RIOT_trial/ProcessA/bin/arduino-mega2560/boards_common_atmega/board.o
 .comment       0x0000000000000011       0x12 /home/girish/RIOT_trial/ProcessA/bin/arduino-mega2560/core/mutex.o
 .comment       0x0000000000000011       0x12 /home/girish/RIOT_trial/ProcessA/bin/arduino-mega2560/core/thread.o
 .comment       0x0000000000000011       0x12 /home/girish/RIOT_trial/ProcessA/bin/arduino-mega2560/core/init.o
 .comment       0x0000000000000011       0x12 /home/girish/RIOT_trial/ProcessA/bin/arduino-mega2560/core/panic.o
 .comment       0x0000000000000011       0x12 /home/girish/RIOT_trial/ProcessA/bin/arduino-mega2560/core/sched.o
 .comment       0x0000000000000011       0x12 /home/girish/RIOT_trial/ProcessA/bin/arduino-mega2560/xtimer/xtimer_core.o
 .comment       0x0000000000000011       0x12 /home/girish/RIOT_trial/ProcessA/bin/arduino-mega2560/xtimer/xtimer.o
 .comment       0x0000000000000011       0x12 /home/girish/RIOT_trial/ProcessA/bin/arduino-mega2560/periph_common/pm.o
 .comment       0x0000000000000011       0x12 /home/girish/RIOT_trial/ProcessA/bin/arduino-mega2560/atmega_common/cpu.o
 .comment       0x0000000000000011       0x12 /home/girish/RIOT_trial/ProcessA/bin/arduino-mega2560/atmega_common/thread_arch.o
 .comment       0x0000000000000011       0x12 /home/girish/RIOT_trial/ProcessA/bin/arduino-mega2560/auto_init/auto_init.o
 .comment       0x0000000000000011       0x12 /home/girish/RIOT_trial/ProcessA/bin/arduino-mega2560/avr_libc_extra/atmega_stdio.o
 .comment       0x0000000000000011       0x12 /home/girish/RIOT_trial/ProcessA/bin/arduino-mega2560/boards_common_arduino-atmega/led_init.o
 .comment       0x0000000000000011       0x12 /home/girish/RIOT_trial/ProcessA/bin/arduino-mega2560/stdio_uart/stdio_uart.o
 .comment       0x0000000000000011       0x12 /home/girish/RIOT_trial/ProcessA/bin/arduino-mega2560/periph_common/init.o
 .comment       0x0000000000000011       0x12 /home/girish/RIOT_trial/ProcessA/bin/arduino-mega2560/atmega_common_periph/spi.o
 .comment       0x0000000000000011       0x12 /home/girish/RIOT_trial/ProcessA/bin/arduino-mega2560/atmega_common_periph/i2c.o
 .comment       0x0000000000000011       0x12 /usr/lib/gcc/avr/5.4.0/../../../avr/lib/avr6/libc.a(malloc.o)
 .comment       0x0000000000000011       0x12 /usr/lib/gcc/avr/5.4.0/../../../avr/lib/avr6/libc.a(iob.o)
 .comment       0x0000000000000011       0x12 /usr/lib/gcc/avr/5.4.0/../../../avr/lib/avr6/libc.a(printf.o)
 .comment       0x0000000000000011       0x12 /usr/lib/gcc/avr/5.4.0/../../../avr/lib/avr6/libc.a(puts.o)
 .comment       0x0000000000000011       0x12 /usr/lib/gcc/avr/5.4.0/../../../avr/lib/avr6/libc.a(vfprintf_std.o)
 .comment       0x0000000000000011       0x12 /usr/lib/gcc/avr/5.4.0/../../../avr/lib/avr6/libc.a(fputc.o)

.note.gnu.avr.deviceinfo
                0x0000000000000000       0x40
 .note.gnu.avr.deviceinfo
                0x0000000000000000       0x40 /usr/lib/gcc/avr/5.4.0/../../../avr/lib/avr6/crtatmega2560.o

.note.gnu.build-id
 *(.note.gnu.build-id)

.debug
 *(.debug)

.line
 *(.line)

.debug_srcinfo
 *(.debug_srcinfo)

.debug_sfnames
 *(.debug_sfnames)

.debug_aranges  0x0000000000000000      0x7b8
 *(.debug_aranges)
 .debug_aranges
                0x0000000000000000       0x30 /home/girish/RIOT_trial/ProcessA/bin/arduino-mega2560/atmega_common/startup.o
 .debug_aranges
                0x0000000000000030       0x28 /home/girish/RIOT_trial/ProcessA/bin/arduino-mega2560/application_master/_sketches.o
 .debug_aranges
                0x0000000000000058       0x38 /home/girish/RIOT_trial/ProcessA/bin/arduino-mega2560/application_master/main.o
 .debug_aranges
                0x0000000000000090       0x68 /home/girish/RIOT_trial/ProcessA/bin/arduino-mega2560/arduino/base.o
 .debug_aranges
                0x00000000000000f8      0x130 /home/girish/RIOT_trial/ProcessA/bin/arduino-mega2560/arduino/serialport.o
 .debug_aranges
                0x0000000000000228       0x38 /home/girish/RIOT_trial/ProcessA/bin/arduino-mega2560/atmega_common/irq_arch.o
 .debug_aranges
                0x0000000000000260       0x58 /home/girish/RIOT_trial/ProcessA/bin/arduino-mega2560/atmega_common_periph/uart.o
 .debug_aranges
                0x00000000000002b8       0x50 /home/girish/RIOT_trial/ProcessA/bin/arduino-mega2560/atmega_common_periph/gpio.o
 .debug_aranges
                0x0000000000000308       0x80 /home/girish/RIOT_trial/ProcessA/bin/arduino-mega2560/atmega_common_periph/timer.o
 .debug_aranges
                0x0000000000000388       0x20 /home/girish/RIOT_trial/ProcessA/bin/arduino-mega2560/boards_common_atmega/board.o
 .debug_aranges
                0x00000000000003a8       0x30 /home/girish/RIOT_trial/ProcessA/bin/arduino-mega2560/core/mutex.o
 .debug_aranges
                0x00000000000003d8       0x70 /home/girish/RIOT_trial/ProcessA/bin/arduino-mega2560/core/thread.o
 .debug_aranges
                0x0000000000000448       0x30 /home/girish/RIOT_trial/ProcessA/bin/arduino-mega2560/core/init.o
 .debug_aranges
                0x0000000000000478       0x28 /home/girish/RIOT_trial/ProcessA/bin/arduino-mega2560/core/panic.o
 .debug_aranges
                0x00000000000004a0       0x38 /home/girish/RIOT_trial/ProcessA/bin/arduino-mega2560/core/sched.o
 .debug_aranges
                0x00000000000004d8       0x60 /home/girish/RIOT_trial/ProcessA/bin/arduino-mega2560/xtimer/xtimer_core.o
 .debug_aranges
                0x0000000000000538       0x88 /home/girish/RIOT_trial/ProcessA/bin/arduino-mega2560/xtimer/xtimer.o
 .debug_aranges
                0x00000000000005c0       0x28 /home/girish/RIOT_trial/ProcessA/bin/arduino-mega2560/periph_common/pm.o
 .debug_aranges
                0x00000000000005e8       0x40 /home/girish/RIOT_trial/ProcessA/bin/arduino-mega2560/atmega_common/cpu.o
 .debug_aranges
                0x0000000000000628       0x40 /home/girish/RIOT_trial/ProcessA/bin/arduino-mega2560/atmega_common/thread_arch.o
 .debug_aranges
                0x0000000000000668       0x20 /home/girish/RIOT_trial/ProcessA/bin/arduino-mega2560/auto_init/auto_init.o
 .debug_aranges
                0x0000000000000688       0x30 /home/girish/RIOT_trial/ProcessA/bin/arduino-mega2560/avr_libc_extra/atmega_stdio.o
 .debug_aranges
                0x00000000000006b8       0x20 /home/girish/RIOT_trial/ProcessA/bin/arduino-mega2560/boards_common_arduino-atmega/led_init.o
 .debug_aranges
                0x00000000000006d8       0x30 /home/girish/RIOT_trial/ProcessA/bin/arduino-mega2560/stdio_uart/stdio_uart.o
 .debug_aranges
                0x0000000000000708       0x20 /home/girish/RIOT_trial/ProcessA/bin/arduino-mega2560/periph_common/init.o
 .debug_aranges
                0x0000000000000728       0x40 /home/girish/RIOT_trial/ProcessA/bin/arduino-mega2560/atmega_common_periph/spi.o
 .debug_aranges
                0x0000000000000768       0x50 /home/girish/RIOT_trial/ProcessA/bin/arduino-mega2560/atmega_common_periph/i2c.o

.debug_pubnames
 *(.debug_pubnames)

.debug_info     0x0000000000000000     0xe087
 *(.debug_info .gnu.linkonce.wi.*)
 .debug_info    0x0000000000000000      0xbbc /usr/lib/gcc/avr/5.4.0/../../../avr/lib/avr6/crtatmega2560.o
 .debug_info    0x0000000000000bbc      0x265 /home/girish/RIOT_trial/ProcessA/bin/arduino-mega2560/atmega_common/startup.o
 .debug_info    0x0000000000000e21      0x9d5 /home/girish/RIOT_trial/ProcessA/bin/arduino-mega2560/application_master/_sketches.o
 .debug_info    0x00000000000017f6      0xc08 /home/girish/RIOT_trial/ProcessA/bin/arduino-mega2560/application_master/main.o
 .debug_info    0x00000000000023fe     0x1212 /home/girish/RIOT_trial/ProcessA/bin/arduino-mega2560/arduino/base.o
 .debug_info    0x0000000000003610     0x21c9 /home/girish/RIOT_trial/ProcessA/bin/arduino-mega2560/arduino/serialport.o
 .debug_info    0x00000000000057d9      0x21c /home/girish/RIOT_trial/ProcessA/bin/arduino-mega2560/atmega_common/irq_arch.o
 .debug_info    0x00000000000059f5      0x6b1 /home/girish/RIOT_trial/ProcessA/bin/arduino-mega2560/atmega_common_periph/uart.o
 .debug_info    0x00000000000060a6      0x5b7 /home/girish/RIOT_trial/ProcessA/bin/arduino-mega2560/atmega_common_periph/gpio.o
 .debug_info    0x000000000000665d      0x910 /home/girish/RIOT_trial/ProcessA/bin/arduino-mega2560/atmega_common_periph/timer.o
 .debug_info    0x0000000000006f6d      0x2ce /home/girish/RIOT_trial/ProcessA/bin/arduino-mega2560/boards_common_atmega/board.o
 .debug_info    0x000000000000723b      0x679 /home/girish/RIOT_trial/ProcessA/bin/arduino-mega2560/core/mutex.o
 .debug_info    0x00000000000078b4      0xb1d /home/girish/RIOT_trial/ProcessA/bin/arduino-mega2560/core/thread.o
 .debug_info    0x00000000000083d1      0x308 /home/girish/RIOT_trial/ProcessA/bin/arduino-mega2560/core/init.o
 .debug_info    0x00000000000086d9      0x27d /home/girish/RIOT_trial/ProcessA/bin/arduino-mega2560/core/panic.o
 .debug_info    0x0000000000008956      0x647 /home/girish/RIOT_trial/ProcessA/bin/arduino-mega2560/core/sched.o
 .debug_info    0x0000000000008f9d      0xdbe /home/girish/RIOT_trial/ProcessA/bin/arduino-mega2560/xtimer/xtimer_core.o
 .debug_info    0x0000000000009d5b     0x144a /home/girish/RIOT_trial/ProcessA/bin/arduino-mega2560/xtimer/xtimer.o
 .debug_info    0x000000000000b1a5      0x120 /home/girish/RIOT_trial/ProcessA/bin/arduino-mega2560/periph_common/pm.o
 .debug_info    0x000000000000b2c5      0x675 /home/girish/RIOT_trial/ProcessA/bin/arduino-mega2560/atmega_common/cpu.o
 .debug_info    0x000000000000b93a      0x71d /home/girish/RIOT_trial/ProcessA/bin/arduino-mega2560/atmega_common/thread_arch.o
 .debug_info    0x000000000000c057      0x47f /home/girish/RIOT_trial/ProcessA/bin/arduino-mega2560/auto_init/auto_init.o
 .debug_info    0x000000000000c4d6      0x422 /home/girish/RIOT_trial/ProcessA/bin/arduino-mega2560/avr_libc_extra/atmega_stdio.o
 .debug_info    0x000000000000c8f8      0x25e /home/girish/RIOT_trial/ProcessA/bin/arduino-mega2560/boards_common_arduino-atmega/led_init.o
 .debug_info    0x000000000000cb56      0x363 /home/girish/RIOT_trial/ProcessA/bin/arduino-mega2560/stdio_uart/stdio_uart.o
 .debug_info    0x000000000000ceb9      0x27e /home/girish/RIOT_trial/ProcessA/bin/arduino-mega2560/periph_common/init.o
 .debug_info    0x000000000000d137      0x602 /home/girish/RIOT_trial/ProcessA/bin/arduino-mega2560/atmega_common_periph/spi.o
 .debug_info    0x000000000000d739      0x94e /home/girish/RIOT_trial/ProcessA/bin/arduino-mega2560/atmega_common_periph/i2c.o

.debug_abbrev   0x0000000000000000     0x490b
 *(.debug_abbrev)
 .debug_abbrev  0x0000000000000000      0xb1a /usr/lib/gcc/avr/5.4.0/../../../avr/lib/avr6/crtatmega2560.o
 .debug_abbrev  0x0000000000000b1a      0x139 /home/girish/RIOT_trial/ProcessA/bin/arduino-mega2560/atmega_common/startup.o
 .debug_abbrev  0x0000000000000c53      0x27f /home/girish/RIOT_trial/ProcessA/bin/arduino-mega2560/application_master/_sketches.o
 .debug_abbrev  0x0000000000000ed2      0x338 /home/girish/RIOT_trial/ProcessA/bin/arduino-mega2560/application_master/main.o
 .debug_abbrev  0x000000000000120a      0x439 /home/girish/RIOT_trial/ProcessA/bin/arduino-mega2560/arduino/base.o
 .debug_abbrev  0x0000000000001643      0x446 /home/girish/RIOT_trial/ProcessA/bin/arduino-mega2560/arduino/serialport.o
 .debug_abbrev  0x0000000000001a89      0x143 /home/girish/RIOT_trial/ProcessA/bin/arduino-mega2560/atmega_common/irq_arch.o
 .debug_abbrev  0x0000000000001bcc      0x2d5 /home/girish/RIOT_trial/ProcessA/bin/arduino-mega2560/atmega_common_periph/uart.o
 .debug_abbrev  0x0000000000001ea1      0x222 /home/girish/RIOT_trial/ProcessA/bin/arduino-mega2560/atmega_common_periph/gpio.o
 .debug_abbrev  0x00000000000020c3      0x27f /home/girish/RIOT_trial/ProcessA/bin/arduino-mega2560/atmega_common_periph/timer.o
 .debug_abbrev  0x0000000000002342      0x162 /home/girish/RIOT_trial/ProcessA/bin/arduino-mega2560/boards_common_atmega/board.o
 .debug_abbrev  0x00000000000024a4      0x229 /home/girish/RIOT_trial/ProcessA/bin/arduino-mega2560/core/mutex.o
 .debug_abbrev  0x00000000000026cd      0x2d2 /home/girish/RIOT_trial/ProcessA/bin/arduino-mega2560/core/thread.o
 .debug_abbrev  0x000000000000299f      0x172 /home/girish/RIOT_trial/ProcessA/bin/arduino-mega2560/core/init.o
 .debug_abbrev  0x0000000000002b11      0x178 /home/girish/RIOT_trial/ProcessA/bin/arduino-mega2560/core/panic.o
 .debug_abbrev  0x0000000000002c89      0x2a1 /home/girish/RIOT_trial/ProcessA/bin/arduino-mega2560/core/sched.o
 .debug_abbrev  0x0000000000002f2a      0x3f7 /home/girish/RIOT_trial/ProcessA/bin/arduino-mega2560/xtimer/xtimer_core.o
 .debug_abbrev  0x0000000000003321      0x376 /home/girish/RIOT_trial/ProcessA/bin/arduino-mega2560/xtimer/xtimer.o
 .debug_abbrev  0x0000000000003697       0xca /home/girish/RIOT_trial/ProcessA/bin/arduino-mega2560/periph_common/pm.o
 .debug_abbrev  0x0000000000003761      0x26a /home/girish/RIOT_trial/ProcessA/bin/arduino-mega2560/atmega_common/cpu.o
 .debug_abbrev  0x00000000000039cb      0x272 /home/girish/RIOT_trial/ProcessA/bin/arduino-mega2560/atmega_common/thread_arch.o
 .debug_abbrev  0x0000000000003c3d      0x15c /home/girish/RIOT_trial/ProcessA/bin/arduino-mega2560/auto_init/auto_init.o
 .debug_abbrev  0x0000000000003d99      0x1f3 /home/girish/RIOT_trial/ProcessA/bin/arduino-mega2560/avr_libc_extra/atmega_stdio.o
 .debug_abbrev  0x0000000000003f8c      0x128 /home/girish/RIOT_trial/ProcessA/bin/arduino-mega2560/boards_common_arduino-atmega/led_init.o
 .debug_abbrev  0x00000000000040b4      0x1af /home/girish/RIOT_trial/ProcessA/bin/arduino-mega2560/stdio_uart/stdio_uart.o
 .debug_abbrev  0x0000000000004263      0x15f /home/girish/RIOT_trial/ProcessA/bin/arduino-mega2560/periph_common/init.o
 .debug_abbrev  0x00000000000043c2      0x230 /home/girish/RIOT_trial/ProcessA/bin/arduino-mega2560/atmega_common_periph/spi.o
 .debug_abbrev  0x00000000000045f2      0x319 /home/girish/RIOT_trial/ProcessA/bin/arduino-mega2560/atmega_common_periph/i2c.o

.debug_line     0x0000000000000000     0xaeb7
 *(.debug_line .debug_line.* .debug_line_end)
 .debug_line    0x0000000000000000       0x1a /usr/lib/gcc/avr/5.4.0/../../../avr/lib/avr6/crtatmega2560.o
 .debug_line    0x000000000000001a      0x5a7 /home/girish/RIOT_trial/ProcessA/bin/arduino-mega2560/atmega_common/startup.o
 .debug_line    0x00000000000005c1      0x616 /home/girish/RIOT_trial/ProcessA/bin/arduino-mega2560/application_master/_sketches.o
 .debug_line    0x0000000000000bd7      0x629 /home/girish/RIOT_trial/ProcessA/bin/arduino-mega2560/application_master/main.o
 .debug_line    0x0000000000001200      0x84d /home/girish/RIOT_trial/ProcessA/bin/arduino-mega2560/arduino/base.o
 .debug_line    0x0000000000001a4d      0xa19 /home/girish/RIOT_trial/ProcessA/bin/arduino-mega2560/arduino/serialport.o
 .debug_line    0x0000000000002466      0x44c /home/girish/RIOT_trial/ProcessA/bin/arduino-mega2560/atmega_common/irq_arch.o
 .debug_line    0x00000000000028b2      0x69c /home/girish/RIOT_trial/ProcessA/bin/arduino-mega2560/atmega_common_periph/uart.o
 .debug_line    0x0000000000002f4e      0x6f2 /home/girish/RIOT_trial/ProcessA/bin/arduino-mega2560/atmega_common_periph/gpio.o
 .debug_line    0x0000000000003640      0x774 /home/girish/RIOT_trial/ProcessA/bin/arduino-mega2560/atmega_common_periph/timer.o
 .debug_line    0x0000000000003db4      0x588 /home/girish/RIOT_trial/ProcessA/bin/arduino-mega2560/boards_common_atmega/board.o
 .debug_line    0x000000000000433c      0x4f1 /home/girish/RIOT_trial/ProcessA/bin/arduino-mega2560/core/mutex.o
 .debug_line    0x000000000000482d      0x709 /home/girish/RIOT_trial/ProcessA/bin/arduino-mega2560/core/thread.o
 .debug_line    0x0000000000004f36      0x505 /home/girish/RIOT_trial/ProcessA/bin/arduino-mega2560/core/init.o
 .debug_line    0x000000000000543b      0x4bd /home/girish/RIOT_trial/ProcessA/bin/arduino-mega2560/core/panic.o
 .debug_line    0x00000000000058f8      0x52b /home/girish/RIOT_trial/ProcessA/bin/arduino-mega2560/core/sched.o
 .debug_line    0x0000000000005e23      0x9a8 /home/girish/RIOT_trial/ProcessA/bin/arduino-mega2560/xtimer/xtimer_core.o
 .debug_line    0x00000000000067cb      0x9e7 /home/girish/RIOT_trial/ProcessA/bin/arduino-mega2560/xtimer/xtimer.o
 .debug_line    0x00000000000071b2      0x473 /home/girish/RIOT_trial/ProcessA/bin/arduino-mega2560/periph_common/pm.o
 .debug_line    0x0000000000007625      0x658 /home/girish/RIOT_trial/ProcessA/bin/arduino-mega2560/atmega_common/cpu.o
 .debug_line    0x0000000000007c7d      0x70a /home/girish/RIOT_trial/ProcessA/bin/arduino-mega2560/atmega_common/thread_arch.o
 .debug_line    0x0000000000008387      0x63b /home/girish/RIOT_trial/ProcessA/bin/arduino-mega2560/auto_init/auto_init.o
 .debug_line    0x00000000000089c2      0x61b /home/girish/RIOT_trial/ProcessA/bin/arduino-mega2560/avr_libc_extra/atmega_stdio.o
 .debug_line    0x0000000000008fdd      0x57b /home/girish/RIOT_trial/ProcessA/bin/arduino-mega2560/boards_common_arduino-atmega/led_init.o
 .debug_line    0x0000000000009558      0x642 /home/girish/RIOT_trial/ProcessA/bin/arduino-mega2560/stdio_uart/stdio_uart.o
 .debug_line    0x0000000000009b9a      0x521 /home/girish/RIOT_trial/ProcessA/bin/arduino-mega2560/periph_common/init.o
 .debug_line    0x000000000000a0bb      0x64b /home/girish/RIOT_trial/ProcessA/bin/arduino-mega2560/atmega_common_periph/spi.o
 .debug_line    0x000000000000a706      0x7b1 /home/girish/RIOT_trial/ProcessA/bin/arduino-mega2560/atmega_common_periph/i2c.o

.debug_frame    0x0000000000000000     0x1888
 *(.debug_frame)
 .debug_frame   0x0000000000000000       0x44 /home/girish/RIOT_trial/ProcessA/bin/arduino-mega2560/atmega_common/startup.o
 .debug_frame   0x0000000000000044       0x34 /home/girish/RIOT_trial/ProcessA/bin/arduino-mega2560/application_master/_sketches.o
 .debug_frame   0x0000000000000078       0x84 /home/girish/RIOT_trial/ProcessA/bin/arduino-mega2560/application_master/main.o
 .debug_frame   0x00000000000000fc      0x138 /home/girish/RIOT_trial/ProcessA/bin/arduino-mega2560/arduino/base.o
 .debug_frame   0x0000000000000234      0x428 /home/girish/RIOT_trial/ProcessA/bin/arduino-mega2560/arduino/serialport.o
 .debug_frame   0x000000000000065c       0x60 /home/girish/RIOT_trial/ProcessA/bin/arduino-mega2560/atmega_common/irq_arch.o
 .debug_frame   0x00000000000006bc      0x1f0 /home/girish/RIOT_trial/ProcessA/bin/arduino-mega2560/atmega_common_periph/uart.o
 .debug_frame   0x00000000000008ac       0xb0 /home/girish/RIOT_trial/ProcessA/bin/arduino-mega2560/atmega_common_periph/gpio.o
 .debug_frame   0x000000000000095c      0x2c8 /home/girish/RIOT_trial/ProcessA/bin/arduino-mega2560/atmega_common_periph/timer.o
 .debug_frame   0x0000000000000c24       0x24 /home/girish/RIOT_trial/ProcessA/bin/arduino-mega2560/boards_common_atmega/board.o
 .debug_frame   0x0000000000000c48       0x98 /home/girish/RIOT_trial/ProcessA/bin/arduino-mega2560/core/mutex.o
 .debug_frame   0x0000000000000ce0      0x164 /home/girish/RIOT_trial/ProcessA/bin/arduino-mega2560/core/thread.o
 .debug_frame   0x0000000000000e44       0x50 /home/girish/RIOT_trial/ProcessA/bin/arduino-mega2560/core/init.o
 .debug_frame   0x0000000000000e94       0x58 /home/girish/RIOT_trial/ProcessA/bin/arduino-mega2560/core/panic.o
 .debug_frame   0x0000000000000eec       0x68 /home/girish/RIOT_trial/ProcessA/bin/arduino-mega2560/core/sched.o
 .debug_frame   0x0000000000000f54      0x204 /home/girish/RIOT_trial/ProcessA/bin/arduino-mega2560/xtimer/xtimer_core.o
 .debug_frame   0x0000000000001158      0x334 /home/girish/RIOT_trial/ProcessA/bin/arduino-mega2560/xtimer/xtimer.o
 .debug_frame   0x000000000000148c       0x34 /home/girish/RIOT_trial/ProcessA/bin/arduino-mega2560/periph_common/pm.o
 .debug_frame   0x00000000000014c0       0x8c /home/girish/RIOT_trial/ProcessA/bin/arduino-mega2560/atmega_common/cpu.o
 .debug_frame   0x000000000000154c       0xbc /home/girish/RIOT_trial/ProcessA/bin/arduino-mega2560/atmega_common/thread_arch.o
 .debug_frame   0x0000000000001608       0x24 /home/girish/RIOT_trial/ProcessA/bin/arduino-mega2560/auto_init/auto_init.o
 .debug_frame   0x000000000000162c       0x64 /home/girish/RIOT_trial/ProcessA/bin/arduino-mega2560/avr_libc_extra/atmega_stdio.o
 .debug_frame   0x0000000000001690       0x24 /home/girish/RIOT_trial/ProcessA/bin/arduino-mega2560/boards_common_arduino-atmega/led_init.o
 .debug_frame   0x00000000000016b4       0x5c /home/girish/RIOT_trial/ProcessA/bin/arduino-mega2560/stdio_uart/stdio_uart.o
 .debug_frame   0x0000000000001710       0x24 /home/girish/RIOT_trial/ProcessA/bin/arduino-mega2560/periph_common/init.o
 .debug_frame   0x0000000000001734       0x98 /home/girish/RIOT_trial/ProcessA/bin/arduino-mega2560/atmega_common_periph/spi.o
 .debug_frame   0x00000000000017cc       0xbc /home/girish/RIOT_trial/ProcessA/bin/arduino-mega2560/atmega_common_periph/i2c.o

.debug_str      0x0000000000000000    0x13292
 *(.debug_str)
 .debug_str     0x0000000000000000      0x3e6 /usr/lib/gcc/avr/5.4.0/../../../avr/lib/avr6/crtatmega2560.o
 .debug_str     0x00000000000003e6     0xc26d /home/girish/RIOT_trial/ProcessA/bin/arduino-mega2560/atmega_common/startup.o
                                       0xc4c5 (size before relaxing)
 .debug_str     0x000000000000c653      0xe0f /home/girish/RIOT_trial/ProcessA/bin/arduino-mega2560/application_master/_sketches.o
                                       0xcdc2 (size before relaxing)
 .debug_str     0x000000000000d462      0x2f5 /home/girish/RIOT_trial/ProcessA/bin/arduino-mega2560/application_master/main.o
                                       0xce9b (size before relaxing)
 .debug_str     0x000000000000d757      0x7b7 /home/girish/RIOT_trial/ProcessA/bin/arduino-mega2560/arduino/base.o
                                       0xd5e8 (size before relaxing)
 .debug_str     0x000000000000df0e      0x4e1 /home/girish/RIOT_trial/ProcessA/bin/arduino-mega2560/arduino/serialport.o
                                       0xc20f (size before relaxing)
 .debug_str     0x000000000000e3ef       0xcf /home/girish/RIOT_trial/ProcessA/bin/arduino-mega2560/atmega_common/irq_arch.o
                                       0xaf8d (size before relaxing)
 .debug_str     0x000000000000e4be      0x1b3 /home/girish/RIOT_trial/ProcessA/bin/arduino-mega2560/atmega_common_periph/uart.o
                                       0xb7ac (size before relaxing)
 .debug_str     0x000000000000e671      0x32e /home/girish/RIOT_trial/ProcessA/bin/arduino-mega2560/atmega_common_periph/gpio.o
                                       0xc813 (size before relaxing)
 .debug_str     0x000000000000e99f      0x30b /home/girish/RIOT_trial/ProcessA/bin/arduino-mega2560/atmega_common_periph/timer.o
                                       0xc9bc (size before relaxing)
 .debug_str     0x000000000000ecaa      0x1a4 /home/girish/RIOT_trial/ProcessA/bin/arduino-mega2560/boards_common_atmega/board.o
                                       0xc5e0 (size before relaxing)
 .debug_str     0x000000000000ee4e      0x119 /home/girish/RIOT_trial/ProcessA/bin/arduino-mega2560/core/mutex.o
                                       0xb00b (size before relaxing)
 .debug_str     0x000000000000ef67      0x627 /home/girish/RIOT_trial/ProcessA/bin/arduino-mega2560/core/thread.o
                                       0xb594 (size before relaxing)
 .debug_str     0x000000000000f58e      0x266 /home/girish/RIOT_trial/ProcessA/bin/arduino-mega2560/core/init.o
                                       0xba38 (size before relaxing)
 .debug_str     0x000000000000f7f4       0xa0 /home/girish/RIOT_trial/ProcessA/bin/arduino-mega2560/core/panic.o
                                       0xb65c (size before relaxing)
 .debug_str     0x000000000000f894      0x17f /home/girish/RIOT_trial/ProcessA/bin/arduino-mega2560/core/sched.o
                                       0xb1db (size before relaxing)
 .debug_str     0x000000000000fa13      0x209 /home/girish/RIOT_trial/ProcessA/bin/arduino-mega2560/xtimer/xtimer_core.o
                                       0xcfd4 (size before relaxing)
 .debug_str     0x000000000000fc1c      0x263 /home/girish/RIOT_trial/ProcessA/bin/arduino-mega2560/xtimer/xtimer.o
                                       0xd18f (size before relaxing)
 .debug_str     0x000000000000fe7f       0x79 /home/girish/RIOT_trial/ProcessA/bin/arduino-mega2560/periph_common/pm.o
                                       0xb3fb (size before relaxing)
 .debug_str     0x000000000000fef8     0x2946 /home/girish/RIOT_trial/ProcessA/bin/arduino-mega2560/atmega_common/cpu.o
                                       0xf1fa (size before relaxing)
 .debug_str     0x000000000001283e      0x151 /home/girish/RIOT_trial/ProcessA/bin/arduino-mega2560/atmega_common/thread_arch.o
                                       0xc85f (size before relaxing)
 .debug_str     0x000000000001298f       0x7e /home/girish/RIOT_trial/ProcessA/bin/arduino-mega2560/auto_init/auto_init.o
                                       0xcb60 (size before relaxing)
 .debug_str     0x0000000000012a0d      0x1ca /home/girish/RIOT_trial/ProcessA/bin/arduino-mega2560/avr_libc_extra/atmega_stdio.o
                                       0xc5fe (size before relaxing)
 .debug_str     0x0000000000012bd7       0x99 /home/girish/RIOT_trial/ProcessA/bin/arduino-mega2560/boards_common_arduino-atmega/led_init.o
                                       0xc4f2 (size before relaxing)
 .debug_str     0x0000000000012c70      0x117 /home/girish/RIOT_trial/ProcessA/bin/arduino-mega2560/stdio_uart/stdio_uart.o
                                       0xccb1 (size before relaxing)
 .debug_str     0x0000000000012d87      0x157 /home/girish/RIOT_trial/ProcessA/bin/arduino-mega2560/periph_common/init.o
                                       0xb6ed (size before relaxing)
 .debug_str     0x0000000000012ede      0x1b1 /home/girish/RIOT_trial/ProcessA/bin/arduino-mega2560/atmega_common_periph/spi.o
                                       0xb8d3 (size before relaxing)
 .debug_str     0x000000000001308f      0x203 /home/girish/RIOT_trial/ProcessA/bin/arduino-mega2560/atmega_common_periph/i2c.o
                                       0xc10b (size before relaxing)

.debug_loc      0x0000000000000000     0x7745
 *(.debug_loc)
 .debug_loc     0x0000000000000000      0x133 /home/girish/RIOT_trial/ProcessA/bin/arduino-mega2560/application_master/main.o
 .debug_loc     0x0000000000000133      0x5ce /home/girish/RIOT_trial/ProcessA/bin/arduino-mega2560/arduino/base.o
 .debug_loc     0x0000000000000701     0x1d8a /home/girish/RIOT_trial/ProcessA/bin/arduino-mega2560/arduino/serialport.o
 .debug_loc     0x000000000000248b       0x42 /home/girish/RIOT_trial/ProcessA/bin/arduino-mega2560/atmega_common/irq_arch.o
 .debug_loc     0x00000000000024cd      0x5e2 /home/girish/RIOT_trial/ProcessA/bin/arduino-mega2560/atmega_common_periph/uart.o
 .debug_loc     0x0000000000002aaf      0x417 /home/girish/RIOT_trial/ProcessA/bin/arduino-mega2560/atmega_common_periph/gpio.o
 .debug_loc     0x0000000000002ec6      0x7bf /home/girish/RIOT_trial/ProcessA/bin/arduino-mega2560/atmega_common_periph/timer.o
 .debug_loc     0x0000000000003685       0x14 /home/girish/RIOT_trial/ProcessA/bin/arduino-mega2560/boards_common_atmega/board.o
 .debug_loc     0x0000000000003699      0x385 /home/girish/RIOT_trial/ProcessA/bin/arduino-mega2560/core/mutex.o
 .debug_loc     0x0000000000003a1e      0x9d6 /home/girish/RIOT_trial/ProcessA/bin/arduino-mega2560/core/thread.o
 .debug_loc     0x00000000000043f4       0x62 /home/girish/RIOT_trial/ProcessA/bin/arduino-mega2560/core/init.o
 .debug_loc     0x0000000000004456      0x126 /home/girish/RIOT_trial/ProcessA/bin/arduino-mega2560/core/panic.o
 .debug_loc     0x000000000000457c      0x27d /home/girish/RIOT_trial/ProcessA/bin/arduino-mega2560/core/sched.o
 .debug_loc     0x00000000000047f9      0xbb7 /home/girish/RIOT_trial/ProcessA/bin/arduino-mega2560/xtimer/xtimer_core.o
 .debug_loc     0x00000000000053b0     0x1105 /home/girish/RIOT_trial/ProcessA/bin/arduino-mega2560/xtimer/xtimer.o
 .debug_loc     0x00000000000064b5      0x101 /home/girish/RIOT_trial/ProcessA/bin/arduino-mega2560/atmega_common/cpu.o
 .debug_loc     0x00000000000065b6      0x3c9 /home/girish/RIOT_trial/ProcessA/bin/arduino-mega2560/atmega_common/thread_arch.o
 .debug_loc     0x000000000000697f      0x108 /home/girish/RIOT_trial/ProcessA/bin/arduino-mega2560/avr_libc_extra/atmega_stdio.o
 .debug_loc     0x0000000000006a87      0x102 /home/girish/RIOT_trial/ProcessA/bin/arduino-mega2560/stdio_uart/stdio_uart.o
 .debug_loc     0x0000000000006b89       0x20 /home/girish/RIOT_trial/ProcessA/bin/arduino-mega2560/periph_common/init.o
 .debug_loc     0x0000000000006ba9      0x4b5 /home/girish/RIOT_trial/ProcessA/bin/arduino-mega2560/atmega_common_periph/spi.o
 .debug_loc     0x000000000000705e      0x6e7 /home/girish/RIOT_trial/ProcessA/bin/arduino-mega2560/atmega_common_periph/i2c.o

.debug_macinfo
 *(.debug_macinfo)

.debug_weaknames
 *(.debug_weaknames)

.debug_funcnames
 *(.debug_funcnames)

.debug_typenames
 *(.debug_typenames)

.debug_varnames
 *(.debug_varnames)

.debug_pubtypes
 *(.debug_pubtypes)

.debug_ranges   0x0000000000000000      0x728
 *(.debug_ranges)
 .debug_ranges  0x0000000000000000       0x20 /home/girish/RIOT_trial/ProcessA/bin/arduino-mega2560/atmega_common/startup.o
 .debug_ranges  0x0000000000000020       0x18 /home/girish/RIOT_trial/ProcessA/bin/arduino-mega2560/application_master/_sketches.o
 .debug_ranges  0x0000000000000038       0x28 /home/girish/RIOT_trial/ProcessA/bin/arduino-mega2560/application_master/main.o
 .debug_ranges  0x0000000000000060       0x70 /home/girish/RIOT_trial/ProcessA/bin/arduino-mega2560/arduino/base.o
 .debug_ranges  0x00000000000000d0      0x138 /home/girish/RIOT_trial/ProcessA/bin/arduino-mega2560/arduino/serialport.o
 .debug_ranges  0x0000000000000208       0x28 /home/girish/RIOT_trial/ProcessA/bin/arduino-mega2560/atmega_common/irq_arch.o
 .debug_ranges  0x0000000000000230       0x48 /home/girish/RIOT_trial/ProcessA/bin/arduino-mega2560/atmega_common_periph/uart.o
 .debug_ranges  0x0000000000000278       0x40 /home/girish/RIOT_trial/ProcessA/bin/arduino-mega2560/atmega_common_periph/gpio.o
 .debug_ranges  0x00000000000002b8       0x70 /home/girish/RIOT_trial/ProcessA/bin/arduino-mega2560/atmega_common_periph/timer.o
 .debug_ranges  0x0000000000000328       0x10 /home/girish/RIOT_trial/ProcessA/bin/arduino-mega2560/boards_common_atmega/board.o
 .debug_ranges  0x0000000000000338       0x20 /home/girish/RIOT_trial/ProcessA/bin/arduino-mega2560/core/mutex.o
 .debug_ranges  0x0000000000000358       0x60 /home/girish/RIOT_trial/ProcessA/bin/arduino-mega2560/core/thread.o
 .debug_ranges  0x00000000000003b8       0x20 /home/girish/RIOT_trial/ProcessA/bin/arduino-mega2560/core/init.o
 .debug_ranges  0x00000000000003d8       0x18 /home/girish/RIOT_trial/ProcessA/bin/arduino-mega2560/core/panic.o
 .debug_ranges  0x00000000000003f0       0x28 /home/girish/RIOT_trial/ProcessA/bin/arduino-mega2560/core/sched.o
 .debug_ranges  0x0000000000000418       0xe0 /home/girish/RIOT_trial/ProcessA/bin/arduino-mega2560/xtimer/xtimer_core.o
 .debug_ranges  0x00000000000004f8       0xa8 /home/girish/RIOT_trial/ProcessA/bin/arduino-mega2560/xtimer/xtimer.o
 .debug_ranges  0x00000000000005a0       0x18 /home/girish/RIOT_trial/ProcessA/bin/arduino-mega2560/periph_common/pm.o
 .debug_ranges  0x00000000000005b8       0x30 /home/girish/RIOT_trial/ProcessA/bin/arduino-mega2560/atmega_common/cpu.o
 .debug_ranges  0x00000000000005e8       0x30 /home/girish/RIOT_trial/ProcessA/bin/arduino-mega2560/atmega_common/thread_arch.o
 .debug_ranges  0x0000000000000618       0x10 /home/girish/RIOT_trial/ProcessA/bin/arduino-mega2560/auto_init/auto_init.o
 .debug_ranges  0x0000000000000628       0x20 /home/girish/RIOT_trial/ProcessA/bin/arduino-mega2560/avr_libc_extra/atmega_stdio.o
 .debug_ranges  0x0000000000000648       0x10 /home/girish/RIOT_trial/ProcessA/bin/arduino-mega2560/boards_common_arduino-atmega/led_init.o
 .debug_ranges  0x0000000000000658       0x20 /home/girish/RIOT_trial/ProcessA/bin/arduino-mega2560/stdio_uart/stdio_uart.o
 .debug_ranges  0x0000000000000678       0x10 /home/girish/RIOT_trial/ProcessA/bin/arduino-mega2560/periph_common/init.o
 .debug_ranges  0x0000000000000688       0x30 /home/girish/RIOT_trial/ProcessA/bin/arduino-mega2560/atmega_common_periph/spi.o
 .debug_ranges  0x00000000000006b8       0x70 /home/girish/RIOT_trial/ProcessA/bin/arduino-mega2560/atmega_common_periph/i2c.o

.debug_macro    0x0000000000000000    0x1b15d
 *(.debug_macro)
 .debug_macro   0x0000000000000000      0x26f /home/girish/RIOT_trial/ProcessA/bin/arduino-mega2560/atmega_common/startup.o
 .debug_macro   0x000000000000026f      0xaa2 /home/girish/RIOT_trial/ProcessA/bin/arduino-mega2560/atmega_common/startup.o
 .debug_macro   0x0000000000000d11       0xe8 /home/girish/RIOT_trial/ProcessA/bin/arduino-mega2560/atmega_common/startup.o
 .debug_macro   0x0000000000000df9      0x1c9 /home/girish/RIOT_trial/ProcessA/bin/arduino-mega2560/atmega_common/startup.o
 .debug_macro   0x0000000000000fc2       0x10 /home/girish/RIOT_trial/ProcessA/bin/arduino-mega2560/atmega_common/startup.o
 .debug_macro   0x0000000000000fd2      0x302 /home/girish/RIOT_trial/ProcessA/bin/arduino-mega2560/atmega_common/startup.o
 .debug_macro   0x00000000000012d4       0x1c /home/girish/RIOT_trial/ProcessA/bin/arduino-mega2560/atmega_common/startup.o
 .debug_macro   0x00000000000012f0       0x9e /home/girish/RIOT_trial/ProcessA/bin/arduino-mega2560/atmega_common/startup.o
 .debug_macro   0x000000000000138e     0x1ecb /home/girish/RIOT_trial/ProcessA/bin/arduino-mega2560/atmega_common/startup.o
 .debug_macro   0x0000000000003259      0x100 /home/girish/RIOT_trial/ProcessA/bin/arduino-mega2560/atmega_common/startup.o
 .debug_macro   0x0000000000003359      0x2ea /home/girish/RIOT_trial/ProcessA/bin/arduino-mega2560/atmega_common/startup.o
 .debug_macro   0x0000000000003643       0xd9 /home/girish/RIOT_trial/ProcessA/bin/arduino-mega2560/atmega_common/startup.o
 .debug_macro   0x000000000000371c       0x34 /home/girish/RIOT_trial/ProcessA/bin/arduino-mega2560/atmega_common/startup.o
 .debug_macro   0x0000000000003750       0x18 /home/girish/RIOT_trial/ProcessA/bin/arduino-mega2560/atmega_common/startup.o
 .debug_macro   0x0000000000003768       0x6c /home/girish/RIOT_trial/ProcessA/bin/arduino-mega2560/atmega_common/startup.o
 .debug_macro   0x00000000000037d4       0x63 /home/girish/RIOT_trial/ProcessA/bin/arduino-mega2560/atmega_common/startup.o
 .debug_macro   0x0000000000003837       0x58 /home/girish/RIOT_trial/ProcessA/bin/arduino-mega2560/atmega_common/startup.o
 .debug_macro   0x000000000000388f       0x10 /home/girish/RIOT_trial/ProcessA/bin/arduino-mega2560/atmega_common/startup.o
 .debug_macro   0x000000000000389f       0x97 /home/girish/RIOT_trial/ProcessA/bin/arduino-mega2560/atmega_common/startup.o
 .debug_macro   0x0000000000003936       0xf2 /home/girish/RIOT_trial/ProcessA/bin/arduino-mega2560/atmega_common/startup.o
 .debug_macro   0x0000000000003a28       0xd5 /home/girish/RIOT_trial/ProcessA/bin/arduino-mega2560/atmega_common/startup.o
 .debug_macro   0x0000000000003afd       0x8d /home/girish/RIOT_trial/ProcessA/bin/arduino-mega2560/atmega_common/startup.o
 .debug_macro   0x0000000000003b8a       0x22 /home/girish/RIOT_trial/ProcessA/bin/arduino-mega2560/atmega_common/startup.o
 .debug_macro   0x0000000000003bac       0xf6 /home/girish/RIOT_trial/ProcessA/bin/arduino-mega2560/atmega_common/startup.o
 .debug_macro   0x0000000000003ca2       0x5f /home/girish/RIOT_trial/ProcessA/bin/arduino-mega2560/atmega_common/startup.o
 .debug_macro   0x0000000000003d01       0xd6 /home/girish/RIOT_trial/ProcessA/bin/arduino-mega2560/atmega_common/startup.o
 .debug_macro   0x0000000000003dd7       0xe8 /home/girish/RIOT_trial/ProcessA/bin/arduino-mega2560/atmega_common/startup.o
 .debug_macro   0x0000000000003ebf       0x28 /home/girish/RIOT_trial/ProcessA/bin/arduino-mega2560/atmega_common/startup.o
 .debug_macro   0x0000000000003ee7       0x17 /home/girish/RIOT_trial/ProcessA/bin/arduino-mega2560/atmega_common/startup.o
 .debug_macro   0x0000000000003efe       0x10 /home/girish/RIOT_trial/ProcessA/bin/arduino-mega2560/atmega_common/startup.o
 .debug_macro   0x0000000000003f0e       0x22 /home/girish/RIOT_trial/ProcessA/bin/arduino-mega2560/atmega_common/startup.o
 .debug_macro   0x0000000000003f30       0x5f /home/girish/RIOT_trial/ProcessA/bin/arduino-mega2560/atmega_common/startup.o
 .debug_macro   0x0000000000003f8f       0x1c /home/girish/RIOT_trial/ProcessA/bin/arduino-mega2560/atmega_common/startup.o
 .debug_macro   0x0000000000003fab       0x7d /home/girish/RIOT_trial/ProcessA/bin/arduino-mega2560/atmega_common/startup.o
 .debug_macro   0x0000000000004028       0x1c /home/girish/RIOT_trial/ProcessA/bin/arduino-mega2560/atmega_common/startup.o
 .debug_macro   0x0000000000004044       0xd4 /home/girish/RIOT_trial/ProcessA/bin/arduino-mega2560/atmega_common/startup.o
 .debug_macro   0x0000000000004118       0x16 /home/girish/RIOT_trial/ProcessA/bin/arduino-mega2560/atmega_common/startup.o
 .debug_macro   0x000000000000412e      0x2c8 /home/girish/RIOT_trial/ProcessA/bin/arduino-mega2560/atmega_common/startup.o
 .debug_macro   0x00000000000043f6       0x52 /home/girish/RIOT_trial/ProcessA/bin/arduino-mega2560/atmega_common/startup.o
 .debug_macro   0x0000000000004448      0x2cd /home/girish/RIOT_trial/ProcessA/bin/arduino-mega2560/application_master/_sketches.o
 .debug_macro   0x0000000000004715      0xb20 /home/girish/RIOT_trial/ProcessA/bin/arduino-mega2560/application_master/_sketches.o
 .debug_macro   0x0000000000005235       0x1c /home/girish/RIOT_trial/ProcessA/bin/arduino-mega2560/application_master/_sketches.o
 .debug_macro   0x0000000000005251       0xc4 /home/girish/RIOT_trial/ProcessA/bin/arduino-mega2560/application_master/_sketches.o
 .debug_macro   0x0000000000005315       0x97 /home/girish/RIOT_trial/ProcessA/bin/arduino-mega2560/application_master/_sketches.o
 .debug_macro   0x00000000000053ac       0xaa /home/girish/RIOT_trial/ProcessA/bin/arduino-mega2560/application_master/_sketches.o
 .debug_macro   0x0000000000005456       0x63 /home/girish/RIOT_trial/ProcessA/bin/arduino-mega2560/application_master/_sketches.o
 .debug_macro   0x00000000000054b9      0x104 /home/girish/RIOT_trial/ProcessA/bin/arduino-mega2560/application_master/_sketches.o
 .debug_macro   0x00000000000055bd       0x16 /home/girish/RIOT_trial/ProcessA/bin/arduino-mega2560/application_master/_sketches.o
 .debug_macro   0x00000000000055d3       0x16 /home/girish/RIOT_trial/ProcessA/bin/arduino-mega2560/application_master/_sketches.o
 .debug_macro   0x00000000000055e9       0x11 /home/girish/RIOT_trial/ProcessA/bin/arduino-mega2560/application_master/_sketches.o
 .debug_macro   0x00000000000055fa       0x10 /home/girish/RIOT_trial/ProcessA/bin/arduino-mega2560/application_master/_sketches.o
 .debug_macro   0x000000000000560a       0x10 /home/girish/RIOT_trial/ProcessA/bin/arduino-mega2560/application_master/_sketches.o
 .debug_macro   0x000000000000561a       0x18 /home/girish/RIOT_trial/ProcessA/bin/arduino-mega2560/application_master/_sketches.o
 .debug_macro   0x0000000000005632      0x2d1 /home/girish/RIOT_trial/ProcessA/bin/arduino-mega2560/application_master/main.o
 .debug_macro   0x0000000000005903      0xb20 /home/girish/RIOT_trial/ProcessA/bin/arduino-mega2560/application_master/main.o
 .debug_macro   0x0000000000006423       0x1c /home/girish/RIOT_trial/ProcessA/bin/arduino-mega2560/application_master/main.o
 .debug_macro   0x000000000000643f       0x35 /home/girish/RIOT_trial/ProcessA/bin/arduino-mega2560/application_master/main.o
 .debug_macro   0x0000000000006474       0x66 /home/girish/RIOT_trial/ProcessA/bin/arduino-mega2560/application_master/main.o
 .debug_macro   0x00000000000064da      0x343 /home/girish/RIOT_trial/ProcessA/bin/arduino-mega2560/arduino/base.o
 .debug_macro   0x000000000000681d      0xb20 /home/girish/RIOT_trial/ProcessA/bin/arduino-mega2560/arduino/base.o
 .debug_macro   0x000000000000733d       0x34 /home/girish/RIOT_trial/ProcessA/bin/arduino-mega2560/arduino/base.o
 .debug_macro   0x0000000000007371      0x17b /home/girish/RIOT_trial/ProcessA/bin/arduino-mega2560/arduino/base.o
 .debug_macro   0x00000000000074ec       0x16 /home/girish/RIOT_trial/ProcessA/bin/arduino-mega2560/arduino/base.o
 .debug_macro   0x0000000000007502       0x2e /home/girish/RIOT_trial/ProcessA/bin/arduino-mega2560/arduino/base.o
 .debug_macro   0x0000000000007530       0x16 /home/girish/RIOT_trial/ProcessA/bin/arduino-mega2560/arduino/base.o
 .debug_macro   0x0000000000007546       0x10 /home/girish/RIOT_trial/ProcessA/bin/arduino-mega2560/arduino/base.o
 .debug_macro   0x0000000000007556       0x10 /home/girish/RIOT_trial/ProcessA/bin/arduino-mega2560/arduino/base.o
 .debug_macro   0x0000000000007566       0x17 /home/girish/RIOT_trial/ProcessA/bin/arduino-mega2560/arduino/base.o
 .debug_macro   0x000000000000757d      0x274 /home/girish/RIOT_trial/ProcessA/bin/arduino-mega2560/arduino/serialport.o
 .debug_macro   0x00000000000077f1      0xb20 /home/girish/RIOT_trial/ProcessA/bin/arduino-mega2560/arduino/serialport.o
 .debug_macro   0x0000000000008311       0x16 /home/girish/RIOT_trial/ProcessA/bin/arduino-mega2560/arduino/serialport.o
 .debug_macro   0x0000000000008327       0x16 /home/girish/RIOT_trial/ProcessA/bin/arduino-mega2560/arduino/serialport.o
 .debug_macro   0x000000000000833d       0x20 /home/girish/RIOT_trial/ProcessA/bin/arduino-mega2560/arduino/serialport.o
 .debug_macro   0x000000000000835d       0x12 /home/girish/RIOT_trial/ProcessA/bin/arduino-mega2560/arduino/serialport.o
 .debug_macro   0x000000000000836f      0x1f0 /home/girish/RIOT_trial/ProcessA/bin/arduino-mega2560/atmega_common/irq_arch.o
 .debug_macro   0x000000000000855f      0xaa2 /home/girish/RIOT_trial/ProcessA/bin/arduino-mega2560/atmega_common/irq_arch.o
 .debug_macro   0x0000000000009001      0x258 /home/girish/RIOT_trial/ProcessA/bin/arduino-mega2560/atmega_common_periph/uart.o
 .debug_macro   0x0000000000009259      0xaa2 /home/girish/RIOT_trial/ProcessA/bin/arduino-mega2560/atmega_common_periph/uart.o
 .debug_macro   0x0000000000009cfb      0x2fc /home/girish/RIOT_trial/ProcessA/bin/arduino-mega2560/atmega_common_periph/uart.o
 .debug_macro   0x0000000000009ff7      0x292 /home/girish/RIOT_trial/ProcessA/bin/arduino-mega2560/atmega_common_periph/gpio.o
 .debug_macro   0x000000000000a289      0xaa2 /home/girish/RIOT_trial/ProcessA/bin/arduino-mega2560/atmega_common_periph/gpio.o
 .debug_macro   0x000000000000ad2b       0x22 /home/girish/RIOT_trial/ProcessA/bin/arduino-mega2560/atmega_common_periph/gpio.o
 .debug_macro   0x000000000000ad4d       0x22 /home/girish/RIOT_trial/ProcessA/bin/arduino-mega2560/atmega_common_periph/gpio.o
 .debug_macro   0x000000000000ad6f      0x2ad /home/girish/RIOT_trial/ProcessA/bin/arduino-mega2560/atmega_common_periph/timer.o
 .debug_macro   0x000000000000b01c      0xaa2 /home/girish/RIOT_trial/ProcessA/bin/arduino-mega2560/atmega_common_periph/timer.o
 .debug_macro   0x000000000000babe      0x270 /home/girish/RIOT_trial/ProcessA/bin/arduino-mega2560/boards_common_atmega/board.o
 .debug_macro   0x000000000000bd2e      0xaa2 /home/girish/RIOT_trial/ProcessA/bin/arduino-mega2560/boards_common_atmega/board.o
 .debug_macro   0x000000000000c7d0      0x209 /home/girish/RIOT_trial/ProcessA/bin/arduino-mega2560/core/mutex.o
 .debug_macro   0x000000000000c9d9      0xaa2 /home/girish/RIOT_trial/ProcessA/bin/arduino-mega2560/core/mutex.o
 .debug_macro   0x000000000000d47b       0xdc /home/girish/RIOT_trial/ProcessA/bin/arduino-mega2560/core/mutex.o
 .debug_macro   0x000000000000d557      0x203 /home/girish/RIOT_trial/ProcessA/bin/arduino-mega2560/core/thread.o
 .debug_macro   0x000000000000d75a      0xaa2 /home/girish/RIOT_trial/ProcessA/bin/arduino-mega2560/core/thread.o
 .debug_macro   0x000000000000e1fc      0x207 /home/girish/RIOT_trial/ProcessA/bin/arduino-mega2560/core/thread.o
 .debug_macro   0x000000000000e403      0x25f /home/girish/RIOT_trial/ProcessA/bin/arduino-mega2560/core/init.o
 .debug_macro   0x000000000000e662      0xaa2 /home/girish/RIOT_trial/ProcessA/bin/arduino-mega2560/core/init.o
 .debug_macro   0x000000000000f104      0x16d /home/girish/RIOT_trial/ProcessA/bin/arduino-mega2560/core/init.o
 .debug_macro   0x000000000000f271       0x2e /home/girish/RIOT_trial/ProcessA/bin/arduino-mega2560/core/init.o
 .debug_macro   0x000000000000f29f       0x35 /home/girish/RIOT_trial/ProcessA/bin/arduino-mega2560/core/init.o
 .debug_macro   0x000000000000f2d4       0x69 /home/girish/RIOT_trial/ProcessA/bin/arduino-mega2560/core/init.o
 .debug_macro   0x000000000000f33d      0x258 /home/girish/RIOT_trial/ProcessA/bin/arduino-mega2560/core/panic.o
 .debug_macro   0x000000000000f595      0xaa2 /home/girish/RIOT_trial/ProcessA/bin/arduino-mega2560/core/panic.o
 .debug_macro   0x0000000000010037       0x20 /home/girish/RIOT_trial/ProcessA/bin/arduino-mega2560/core/panic.o
 .debug_macro   0x0000000000010057       0x34 /home/girish/RIOT_trial/ProcessA/bin/arduino-mega2560/core/panic.o
 .debug_macro   0x000000000001008b      0x209 /home/girish/RIOT_trial/ProcessA/bin/arduino-mega2560/core/sched.o
 .debug_macro   0x0000000000010294      0xaa2 /home/girish/RIOT_trial/ProcessA/bin/arduino-mega2560/core/sched.o
 .debug_macro   0x0000000000010d36      0x30e /home/girish/RIOT_trial/ProcessA/bin/arduino-mega2560/xtimer/xtimer_core.o
 .debug_macro   0x0000000000011044      0xaa2 /home/girish/RIOT_trial/ProcessA/bin/arduino-mega2560/xtimer/xtimer_core.o
 .debug_macro   0x0000000000011ae6       0x3a /home/girish/RIOT_trial/ProcessA/bin/arduino-mega2560/xtimer/xtimer_core.o
 .debug_macro   0x0000000000011b20       0x16 /home/girish/RIOT_trial/ProcessA/bin/arduino-mega2560/xtimer/xtimer_core.o
 .debug_macro   0x0000000000011b36      0x31c /home/girish/RIOT_trial/ProcessA/bin/arduino-mega2560/xtimer/xtimer.o
 .debug_macro   0x0000000000011e52      0xaa2 /home/girish/RIOT_trial/ProcessA/bin/arduino-mega2560/xtimer/xtimer.o
 .debug_macro   0x00000000000128f4       0x1c /home/girish/RIOT_trial/ProcessA/bin/arduino-mega2560/xtimer/xtimer.o
 .debug_macro   0x0000000000012910      0x23b /home/girish/RIOT_trial/ProcessA/bin/arduino-mega2560/periph_common/pm.o
 .debug_macro   0x0000000000012b4b      0xaa2 /home/girish/RIOT_trial/ProcessA/bin/arduino-mega2560/periph_common/pm.o
 .debug_macro   0x00000000000135ed      0x2b6 /home/girish/RIOT_trial/ProcessA/bin/arduino-mega2560/atmega_common/cpu.o
 .debug_macro   0x00000000000138a3      0xaa2 /home/girish/RIOT_trial/ProcessA/bin/arduino-mega2560/atmega_common/cpu.o
 .debug_macro   0x0000000000014345       0x68 /home/girish/RIOT_trial/ProcessA/bin/arduino-mega2560/atmega_common/cpu.o
 .debug_macro   0x00000000000143ad       0x10 /home/girish/RIOT_trial/ProcessA/bin/arduino-mega2560/atmega_common/cpu.o
 .debug_macro   0x00000000000143bd       0x89 /home/girish/RIOT_trial/ProcessA/bin/arduino-mega2560/atmega_common/cpu.o
 .debug_macro   0x0000000000014446      0x181 /home/girish/RIOT_trial/ProcessA/bin/arduino-mega2560/atmega_common/cpu.o
 .debug_macro   0x00000000000145c7      0x26c /home/girish/RIOT_trial/ProcessA/bin/arduino-mega2560/atmega_common/thread_arch.o
 .debug_macro   0x0000000000014833      0xaa2 /home/girish/RIOT_trial/ProcessA/bin/arduino-mega2560/atmega_common/thread_arch.o
 .debug_macro   0x00000000000152d5      0x307 /home/girish/RIOT_trial/ProcessA/bin/arduino-mega2560/auto_init/auto_init.o
 .debug_macro   0x00000000000155dc      0xaa2 /home/girish/RIOT_trial/ProcessA/bin/arduino-mega2560/auto_init/auto_init.o
 .debug_macro   0x000000000001607e      0x296 /home/girish/RIOT_trial/ProcessA/bin/arduino-mega2560/avr_libc_extra/atmega_stdio.o
 .debug_macro   0x0000000000016314      0xaa2 /home/girish/RIOT_trial/ProcessA/bin/arduino-mega2560/avr_libc_extra/atmega_stdio.o
 .debug_macro   0x0000000000016db6       0x40 /home/girish/RIOT_trial/ProcessA/bin/arduino-mega2560/avr_libc_extra/atmega_stdio.o
 .debug_macro   0x0000000000016df6       0x10 /home/girish/RIOT_trial/ProcessA/bin/arduino-mega2560/avr_libc_extra/atmega_stdio.o
 .debug_macro   0x0000000000016e06      0x270 /home/girish/RIOT_trial/ProcessA/bin/arduino-mega2560/boards_common_arduino-atmega/led_init.o
 .debug_macro   0x0000000000017076      0xaa2 /home/girish/RIOT_trial/ProcessA/bin/arduino-mega2560/boards_common_arduino-atmega/led_init.o
 .debug_macro   0x0000000000017b18      0x316 /home/girish/RIOT_trial/ProcessA/bin/arduino-mega2560/stdio_uart/stdio_uart.o
 .debug_macro   0x0000000000017e2e      0xaa2 /home/girish/RIOT_trial/ProcessA/bin/arduino-mega2560/stdio_uart/stdio_uart.o
 .debug_macro   0x00000000000188d0      0x272 /home/girish/RIOT_trial/ProcessA/bin/arduino-mega2560/periph_common/init.o
 .debug_macro   0x0000000000018b42      0xaa2 /home/girish/RIOT_trial/ProcessA/bin/arduino-mega2560/periph_common/init.o
 .debug_macro   0x00000000000195e4       0xce /home/girish/RIOT_trial/ProcessA/bin/arduino-mega2560/periph_common/init.o
 .debug_macro   0x00000000000196b2       0x20 /home/girish/RIOT_trial/ProcessA/bin/arduino-mega2560/periph_common/init.o
 .debug_macro   0x00000000000196d2       0x1c /home/girish/RIOT_trial/ProcessA/bin/arduino-mega2560/periph_common/init.o
 .debug_macro   0x00000000000196ee      0x275 /home/girish/RIOT_trial/ProcessA/bin/arduino-mega2560/atmega_common_periph/spi.o
 .debug_macro   0x0000000000019963      0xaa2 /home/girish/RIOT_trial/ProcessA/bin/arduino-mega2560/atmega_common_periph/spi.o
 .debug_macro   0x000000000001a405      0x2b6 /home/girish/RIOT_trial/ProcessA/bin/arduino-mega2560/atmega_common_periph/i2c.o
 .debug_macro   0x000000000001a6bb      0xaa2 /home/girish/RIOT_trial/ProcessA/bin/arduino-mega2560/atmega_common_periph/i2c.o
OUTPUT(/home/girish/RIOT_trial/ProcessA/bin/arduino-mega2560/master.elf elf32-avr)
LOAD linker stubs
